:Axes.Change Settings_Group	{caption='Change Settings' container=':Configure Graph Settings.Axes_TabItem' isvisible='true' type='org.eclipse.swt.widgets.Group'}
:Browse..._Button	{caption='Browse...' isvisible='true' type='org.eclipse.swt.widgets.Button' window=':_Shell'}
:Change Settings.Maximum_Label	{caption='Maximum' container=':Axes.Change Settings_Group' isvisible='true' type='org.eclipse.swt.widgets.Label'}
:Change Settings.Maximum_Text	{container=':Axes.Change Settings_Group' isvisible='true' leftWidget=':Change Settings.Maximum_Label' type='org.eclipse.swt.widgets.Text'}
:Change Settings.Minimum: _Label	{caption='Minimum: ' container=':Axes.Change Settings_Group' isvisible='true' type='org.eclipse.swt.widgets.Label'}
:Change Settings.Minimum: _Text	{container=':Axes.Change Settings_Group' isvisible='true' leftWidget=':Change Settings.Minimum: _Label' type='org.eclipse.swt.widgets.Text'}
:Configure Graph Settings.Apply_Button	{caption='Apply' isvisible='true' type='org.eclipse.swt.widgets.Button' window=':Configure Graph Settings_Shell'}
:Configure Graph Settings.Axes_TabItem	{caption='Axes' type='org.eclipse.swt.widgets.TabItem' window=':Configure Graph Settings_Shell'}
:Configure Graph Settings.Cancel_Button	{caption='Cancel' isvisible='true' type='org.eclipse.swt.widgets.Button' window=':Configure Graph Settings_Shell'}
:Configure Graph Settings.Graph_TabItem	{caption='Graph' type='org.eclipse.swt.widgets.TabItem' window=':Configure Graph Settings_Shell'}
:Configure Graph Settings.Image Traces_TabItem	{caption='Image Traces' type='org.eclipse.swt.widgets.TabItem' window=':Configure Graph Settings_Shell'}
:Configure Graph Settings.OK_Button	{caption='OK' isvisible='true' type='org.eclipse.swt.widgets.Button' window=':Configure Graph Settings_Shell'}
:Configure Graph Settings.Traces_TabItem	{caption='Traces' type='org.eclipse.swt.widgets.TabItem' window=':Configure Graph Settings_Shell'}
:Configure Graph Settings_Composite	{isvisible='true' occurrence='5' type='org.eclipse.swt.widgets.Composite' window=':Configure Graph Settings_Shell'}
:Configure Graph Settings_Shell	{caption='Configure Graph Settings' isvisible='true' type='org.eclipse.swt.widgets.Shell'}
:Configure Settings..._ToolItem	{caption='Configure Settings...' container=':Plot_ToolBar' type='org.eclipse.swt.widgets.ToolItem'}
:Confirm Delete.OK_Button	{caption='OK' isvisible='true' type='org.eclipse.swt.widgets.Button' window=':Confirm Delete_Shell'}
:Confirm Delete_Shell	{caption='Confirm Delete' isvisible='true' type='org.eclipse.swt.widgets.Shell'}
:Confirm Exit.OK_Button	{caption='OK' isvisible='true' type='org.eclipse.swt.widgets.Button' window=':Confirm Exit_Shell'}
:Confirm Exit_Shell	{caption='Confirm Exit' isvisible='true' type='org.eclipse.swt.widgets.Shell'}
:Create example data_Button	{caption='' isvisible='true' leftWidget=':Create example data_Label' type='org.eclipse.swt.widgets.Button' window=':_Shell'}
:Create example data_Label	{caption='Create example data' isvisible='true' type='org.eclipse.swt.widgets.Label' window=':_Shell'}
:DExplore_ToolItem	{caption='DExplore' container=':_ToolBar_3' type='org.eclipse.swt.widgets.ToolItem'}
:Data Brow..._ToolItem	{caption='Data Brow...' container=':_ToolBar_2' type='org.eclipse.swt.widgets.ToolItem'}
:Data Browsing_ToolItem	{caption='Data Browsing' container=':_ToolBar' type='org.eclipse.swt.widgets.ToolItem'}
:Data_Button	{arrowDirection='SWT.UP' caption='' container=':Data_CTabItem' isvisible='true' type='org.eclipse.swt.widgets.Button'}
:Data_CCombo	{container=':Data_CTabItem' isvisible='true' type='org.eclipse.swt.custom.CCombo'}
:Data_CTabItem	{caption='Data' type='org.eclipse.swt.custom.CTabItem' window=':Workbench Window'}
:Data_Spinner	{container=':Data_CTabItem' isvisible='true' type='org.eclipse.swt.widgets.Spinner'}
:Data_Table	{container=':Data_CTabItem' isvisible='true' type='org.eclipse.swt.widgets.Table'}
:Data_Table_2	{container=':Data_CTabItem' isvisible='true' occurrence='1' type='org.eclipse.swt.widgets.Table'}
:Data_Text	{container=':Data_CTabItem' isvisible='true' occurrence='1' type='org.eclipse.swt.widgets.Text'}
:Data_ToolBar	{container=':Data_CTabItem' firstItemText?='Advanced*' isvisible='true' type='org.eclipse.swt.widgets.ToolBar'}
:Delete Log_ToolItem	{caption='Delete Log' container=':_ToolBar_ErrorLog' type='org.eclipse.swt.widgets.ToolItem'}
:Directory:_Label	{caption='Directory:' isvisible='true' type='org.eclipse.swt.widgets.Label' window=':_Shell'}
:Directory:_Text	{isvisible='true' leftWidget=':Directory:_Label' type='org.eclipse.swt.widgets.Text' window=':_Shell'}
:Edit the slice with different editors._ToolItem	{caption='Edit the slice with different editors.' container=':Data_ToolBar' type='org.eclipse.swt.widgets.ToolItem'}
:Error Log_CTabItem	{caption='Error Log' type='org.eclipse.swt.custom.CTabItem' window=':Workbench Window'}
:Error Log_Text	{container=':Error Log_CTabItem' isvisible='true' type='org.eclipse.swt.widgets.Text'}
:Error Log_Tree	{container=':Error Log_CTabItem' isvisible='true' type='org.eclipse.swt.widgets.Tree'}
:Export.h5.Plot_CTabItem	{caption='Plot' container=':Export.h5_CTabItem' type='org.eclipse.swt.custom.CTabItem'}
:Export.h5.Tree_CTabItem	{caption='Tree' container=':Export.h5_CTabItem' type='org.eclipse.swt.custom.CTabItem'}
:Export.h5_CTabCloseBox	{container=':Export.h5_CTabItem' type='com.froglogic.squish.swt.CTabCloseBox'}
:Export.h5_CTabItem	{caption='Export.h5' type='org.eclipse.swt.custom.CTabItem' window=':Workbench Window'}
:File Header_CTabItem	{caption='File Header' type='org.eclipse.swt.custom.CTabItem' window=':Workbench Window'}
:File Header_Table	{container=':File Header_CTabItem' isvisible='true' type='org.eclipse.swt.widgets.Table'}
:File Header_Text	{container=':File Header_CTabItem' isvisible='true' type='org.eclipse.swt.widgets.Text'}
:File Navigator_CTabItem	{caption='File Navigator' type='org.eclipse.swt.custom.CTabItem' window=':Workbench Window'}
:File Navigator_Label	{caption='' container=':File Navigator_CTabItem' isvisible='true' type='org.eclipse.swt.widgets.Label'}
:File Navigator_Text	{container=':File Navigator_CTabItem' isvisible='true' leftWidget=':File Navigator_Label' type='org.eclipse.swt.widgets.Text'}
:File_Menu	{caption='File' container=':_Menu' menuStyle='SWT.DROP_DOWN' type='org.eclipse.swt.widgets.Menu'}
:Finish_Button	{caption='Finish' isvisible='true' type='org.eclipse.swt.widgets.Button' window=':_Shell'}
:Folder:_Label	{caption='Folder:' isvisible='true' type='org.eclipse.swt.widgets.Label' window=':_Shell'}
:Folder:_Text	{isvisible='true' leftWidget=':Folder:_Label' type='org.eclipse.swt.widgets.Text' window=':_Shell'}
:Image Gallery_CTabCloseBox	{container=':Image Gallery_CTabItem' type='com.froglogic.squish.swt.CTabCloseBox'}
:Image Gallery_CTabItem	{caption='Image Gallery' type='org.eclipse.swt.custom.CTabItem' window=':Workbench Window'}
:Image Gallery_Gallery	{container=':Image Gallery_CTabItem' isvisible='true' type='org.eclipse.nebula.widgets.gallery.Gallery'}
:Image Traces.Name_Label	{caption='Name' container=':Configure Graph Settings.Image Traces_TabItem' isvisible='true' type='org.eclipse.swt.widgets.Label'}
:Image Traces.Name_Text	{aboveWidget=':Image Traces.Name_Label' container=':Configure Graph Settings.Image Traces_TabItem' isvisible='true' type='org.eclipse.swt.widgets.Text'}
:Image Traces.Select Trace_Group	{caption='Select Trace' container=':Configure Graph Settings.Image Traces_TabItem' isvisible='true' type='org.eclipse.swt.widgets.Group'}
:Image Traces_Composite	{container=':Configure Graph Settings.Image Traces_TabItem' isvisible='true' occurrence='2' type='org.eclipse.swt.widgets.Composite'}
:Import.Browse..._Button	{caption='Browse...' isvisible='true' type='org.eclipse.swt.widgets.Button' window=':Import_Shell'}
:Import.Cancel_Button	{caption='Cancel' isvisible='true' type='org.eclipse.swt.widgets.Button' window=':Import_Shell'}
:Import.Finish_Button	{caption='Finish' isvisible='true' type='org.eclipse.swt.widgets.Button' window=':Import_Shell'}
:Import.From directory:_Combo	{isvisible='true' leftWidget=':Import.From directory:_Label' type='org.eclipse.swt.widgets.Combo' window=':Import_Shell'}
:Import.From directory:_Label	{caption='From directory:' isvisible='true' type='org.eclipse.swt.widgets.Label' window=':Import_Shell'}
:Import.Next >_Button	{caption='Next >' isvisible='true' type='org.eclipse.swt.widgets.Button' window=':Import_Shell'}
:Import.Options_Group	{caption='Options' isvisible='true' type='org.eclipse.swt.widgets.Group' window=':Import_Shell'}
:Import_Shell	{caption='Import' isvisible='true' type='org.eclipse.swt.widgets.Shell'}
:Import_Table	{isvisible='true' type='org.eclipse.swt.widgets.Table' window=':Import_Shell'}
:Import_Text	{isvisible='true' type='org.eclipse.swt.widgets.Text' window=':Import_Shell'}
:Import_Tree	{isvisible='true' type='org.eclipse.swt.widgets.Tree' window=':Import_Shell'}
:Keep aspect ratio_ToolItem	{caption='Keep aspect ratio' container=':Plot_ToolBar' type='org.eclipse.swt.widgets.ToolItem'}
:New Project.Next >_Button	{caption='Next >' isvisible='true' type='org.eclipse.swt.widgets.Button' window=':New Project_Shell'}
:New Project_Shell	{caption='New Project' isvisible='true' type='org.eclipse.swt.widgets.Shell'}
:New Project_Text	{isvisible='true' type='org.eclipse.swt.widgets.Text' window=':New Project_Shell'}
:New Project_Tree	{isvisible='true' type='org.eclipse.swt.widgets.Tree' window=':New Project_Shell'}
:New.Next >_Button	{caption='Next >' isvisible='true' type='org.eclipse.swt.widgets.Button' window=':New_Shell'}
:New_Menu	{caption='New' container=':_Menu' menuStyle='SWT.DROP_DOWN' type='org.eclipse.swt.widgets.Menu'}
:New_Shell	{caption='New' isvisible='true' type='org.eclipse.swt.widgets.Shell'}
:New_Text	{isvisible='true' type='org.eclipse.swt.widgets.Text' window=':New_Shell'}
:New_Tree	{isvisible='true' type='org.eclipse.swt.widgets.Tree' window=':New_Shell'}
:Open Perspective.OK_Button	{caption='OK' isvisible='true' type='org.eclipse.swt.widgets.Button' window=':Open Perspective_Shell'}
:Open Perspective_Menu	{caption='Open Perspective' container=':_Menu' menuStyle='SWT.DROP_DOWN' type='org.eclipse.swt.widgets.Menu'}
:Open Perspective_Shell	{caption='Open Perspective' isvisible='true' type='org.eclipse.swt.widgets.Shell'}
:Open Perspective_Table	{isvisible='true' type='org.eclipse.swt.widgets.Table' window=':Open Perspective_Shell'}
:Open Perspective_ToolItem	{caption='Open Perspective' container=':_ToolBar_2' type='org.eclipse.swt.widgets.ToolItem'}
:Open Workflow Perspective.Yes_Button	{caption='Yes' isvisible='true' type='org.eclipse.swt.widgets.Button' window=':Open Workflow Perspective_Shell'}
:Open Workflow Perspective_Shell	{caption='Open Workflow Perspective' isvisible='true' type='org.eclipse.swt.widgets.Shell'}
:Plot_ToolBar	{container=':Export.h5.Plot_CTabItem' firstItemText='Configure Settings...' isvisible='true' type='org.eclipse.swt.widgets.ToolBar'}
:Plotting Systems.Refresh_RefreshButton	{caption='Refresh' container=':Plotting Systems_CTabItem' isvisible='true' type='org.eclipse.dawnsci.plotting.api.views.RefreshButton'}
:Plotting Systems_CTabItem	{caption='Plotting Systems' type='org.eclipse.swt.custom.CTabItem' window=':Workbench Window'}
:Plotting Systems_Table	{container=':Plotting Systems_CTabItem' isvisible='true' type='org.eclipse.swt.widgets.Table'}
:Pop Up Menu	{menuStyle='SWT.POP_UP' type='org.eclipse.swt.widgets.Menu' window=':Workbench Window'}
:Project Explorer_CTabItem	{caption='Project Explorer' occurrence='1' type='org.eclipse.swt.custom.CTabItem' window=':Workbench Window'}
:Project Explorer_Tree	{container=':Resource - .Project Explorer_CTabItem' isvisible='true' type='org.eclipse.swt.widgets.Tree'}
:Project Explorer_Tree_2	{container=':Project Explorer_CTabItem' isvisible='true' type='org.eclipse.swt.widgets.Tree'}
:Project name:_Label	{caption='Project name:' isvisible='true' type='org.eclipse.swt.widgets.Label' window=':_Shell'}
:Project name:_Text	{isvisible='true' leftWidget=':Project name:_Label' type='org.eclipse.swt.widgets.Text' window=':_Shell'}
:Project:_Label	{caption='Project:' isvisible='true' type='org.eclipse.swt.widgets.Label' window=':_Shell'}
:Project:_Text	{isvisible='true' leftWidget=':Project:_Label' type='org.eclipse.swt.widgets.Text' window=':_Shell'}
:Resource - .Project Explorer_CTabItem	{caption='Project Explorer' type='org.eclipse.swt.custom.CTabItem' window=':Workbench Window'}
:Run.Start_Button	{caption='Start' container=':bigData.moml.Run_CTabItem' isvisible='true' type='org.eclipse.swt.widgets.Button'}
:Run.Stop_Button	{caption='Stop' container=':bigData.moml.Run_CTabItem' isvisible='true' type='org.eclipse.swt.widgets.Button'}
:SWT	SWT
:Select Trace_Combo	{container=':Traces.Select Trace_Group' isvisible='true' type='org.eclipse.swt.widgets.Combo'}
:Select Trace_Combo_2	{container=':Image Traces.Select Trace_Group' isvisible='true' type='org.eclipse.swt.widgets.Combo'}
:Show View.OK_Button	{caption='OK' isvisible='true' type='org.eclipse.swt.widgets.Button' window=':Show View_Shell'}
:Show View_Menu	{caption='Show View' container=':_Menu' menuStyle='SWT.DROP_DOWN' type='org.eclipse.swt.widgets.Menu'}
:Show View_Shell	{caption='Show View' isvisible='true' type='org.eclipse.swt.widgets.Shell'}
:Show View_Text	{isvisible='true' type='org.eclipse.swt.widgets.Text' window=':Show View_Shell'}
:Show View_Tree	{isvisible='true' type='org.eclipse.swt.widgets.Tree' window=':Show View_Shell'}
:Show Welcome Screen_ToolItem	{caption='Show Welcome Screen' container=':_ToolBar_4' type='org.eclipse.swt.widgets.ToolItem'}
:Size_Menu	{caption='Size' menuStyle='SWT.DROP_DOWN' type='org.eclipse.swt.widgets.Menu' window=':Workbench Window'}
:Slice as image_ToolItem	{caption='Slice as image' container=':Data_ToolBar' type='org.eclipse.swt.widgets.ToolItem'}
:Slice as line plots_ToolItem	{caption='Slice as line plots' container=':Data_ToolBar' type='org.eclipse.swt.widgets.ToolItem'}
:Start value_Label	{caption='Start value' isvisible='true' type='org.eclipse.swt.widgets.Label' window=':Workbench Window'}
:Start value_Text	{aboveWidget=':Start value_Label' isvisible='true' type='org.eclipse.swt.widgets.Text' window=':Workbench Window'}
:Traces.Select Trace_Group	{caption='Select Trace' container=':Configure Graph Settings.Traces_TabItem' isvisible='true' type='org.eclipse.swt.widgets.Group'}
:Tree_Tree	{container=':Export.h5.Tree_CTabItem' isvisible='true' type='org.eclipse.swt.widgets.Tree'}
:Tree_Tree_2	{container=':i22-4996.nxs.Tree_CTabItem' isvisible='true' type='org.eclipse.swt.widgets.Tree'}
:Welcome_CTabCloseBox	{container=':Welcome_CTabItem' type='com.froglogic.squish.swt.CTabCloseBox'}
:Welcome_CTabItem	{caption='Welcome' type='org.eclipse.swt.custom.CTabItem' window=':Workbench Window'}
:Window_Menu	{caption='Window' container=':_Menu' menuStyle='SWT.DROP_DOWN' type='org.eclipse.swt.widgets.Menu'}
:Workbench Window	{data?='org.eclipse.ui.internal.WorkbenchWindow*' isvisible='true' type='org.eclipse.swt.widgets.Shell'}
:XML_StyledText	{container=':bigData.moml.XML_CTabItem' isvisible='true' type='org.eclipse.swt.custom.StyledText'}
:XML_StyledText_2	{container=':empty_workflow.moml.XML_CTabItem' isvisible='true' type='org.eclipse.swt.custom.StyledText'}
:_CTabFolder	{firstTabCaption='Data' isvisible='true' type='org.eclipse.swt.custom.CTabFolder' window=':Workbench Window'}
:_Composite	{isvisible='true' occurrence='4' type='org.eclipse.swt.widgets.Composite' window=':_Shell'}
:_Composite_2	{isvisible='true' occurrence='6' type='org.eclipse.swt.widgets.Composite' window=':_Shell'}
:_List	{isvisible='true' type='org.eclipse.swt.widgets.List' window=':_Shell'}
:_Menu	{menuStyle='SWT.BAR' type='org.eclipse.swt.widgets.Menu' window=':Workbench Window'}
:_Menu_2	{container=':Project Explorer_Tree' menuStyle='SWT.POP_UP' type='org.eclipse.swt.widgets.Menu'}
:_Sash	{isvisible='true' occurrence='3' type='org.eclipse.swt.widgets.Sash' window=':Workbench Window'}
:_Shell	{caption='' isvisible='true' type='org.eclipse.swt.widgets.Shell'}
:_Slider_2	{isvisible='true' type='org.eclipse.swt.widgets.Slider' window=':Workbench Window'}
:_Text	{isvisible='true' occurrence='1' type='org.eclipse.swt.widgets.Text' window=':Workbench Window'}
:_ToolBar	{firstItemText='Data Browsing' isvisible='true' type='org.eclipse.swt.widgets.ToolBar' window=':Workbench Window'}
:_ToolBar_2	{firstItemText='Data Brow...' isvisible='true' type='org.eclipse.swt.widgets.ToolBar' window=':Workbench Window'}
:_ToolBar_3	{firstItemText='DExplore' isvisible='true' type='org.eclipse.swt.widgets.ToolBar' window=':Workbench Window'}
:_ToolBar_4	{firstItemText='Show Welcome Screen' isvisible='true' type='org.eclipse.swt.widgets.ToolBar' window=':Workbench Window'}
:_ToolBar_ErrorLog	{firstItemText='Export Log' isvisible='true' type='org.eclipse.swt.widgets.ToolBar'}
:_Twistie	{isvisible='true' type='org.eclipse.ui.forms.widgets.Twistie' window=':Workbench Window'}
:_ViewForm	{container=':_CTabFolder' isvisible='true' type='org.eclipse.swt.custom.ViewForm'}
:bigData.moml.Edit_CTabItem	{caption='Edit' container=':bigData.moml_CTabItem' type='org.eclipse.swt.custom.CTabItem'}
:bigData.moml.Run_CTabItem	{caption='Run' container=':bigData.moml_CTabItem' type='org.eclipse.swt.custom.CTabItem'}
:bigData.moml.XML_CTabItem	{caption='XML' container=':bigData.moml_CTabItem' type='org.eclipse.swt.custom.CTabItem'}
:bigData.moml_CTabCloseBox	{container=':bigData.moml_CTabItem' type='com.froglogic.squish.swt.CTabCloseBox'}
:bigData.moml_CTabItem	{caption='bigData.moml' type='org.eclipse.swt.custom.CTabItem' window=':Workbench Window'}
:bigData.moml_ItemCheckbox	{container=':bigData.moml_TableCell' type='com.froglogic.squish.swt.ItemCheckbox'}
:bigData.moml_TableCell	{caption='bigData.moml' column='0' container=':Import_Table' row='0' type='com.froglogic.squish.swt.TableCell'}
:empty_workflow.moml.Edit_CTabItem	{caption='Edit' container=':empty_workflow.moml_CTabItem' type='org.eclipse.swt.custom.CTabItem'}
:empty_workflow.moml.XML_CTabItem	{caption='XML' container=':empty_workflow.moml_CTabItem' type='org.eclipse.swt.custom.CTabItem'}
:empty_workflow.moml_CTabCloseBox	{container=':empty_workflow.moml_CTabItem' type='com.froglogic.squish.swt.CTabCloseBox'}
:empty_workflow.moml_CTabItem	{caption='empty_workflow.moml' type='org.eclipse.swt.custom.CTabItem' window=':Workbench Window'}
:i22-4996.nxs.Plot_CTabItem	{caption='Plot' container=':i22-4996.nxs_CTabItem' type='org.eclipse.swt.custom.CTabItem'}
:i22-4996.nxs.Tree_CTabItem	{caption='Tree' container=':i22-4996.nxs_CTabItem' type='org.eclipse.swt.custom.CTabItem'}
:i22-4996.nxs_CTabItem	{caption='i22-4996.nxs' type='org.eclipse.swt.custom.CTabItem' window=':Workbench Window'}
