:*Untitled 1_CTabItem	{caption='*Untitled 1' type='org.eclipse.swt.custom.CTabItem' window=':Workbench Window'}
:*Untitled 1_StyledText	{container=':*Untitled 1_CTabItem' isvisible='true' type='org.eclipse.swt.custom.StyledText'}
:Axes.Change Settings_Group	{caption='Change Settings' container=':Configure Graph Settings.Axes_TabItem' isvisible='true' type='org.eclipse.swt.widgets.Group'}
:Axes.Select Axis_Group	{caption='Select Axis' container=':Configure Graph Settings.Axes_TabItem' isvisible='true' type='org.eclipse.swt.widgets.Group'}
:Change Settings.Maximum_Label	{caption='Maximum' container=':Axes.Change Settings_Group' isvisible='true' type='org.eclipse.swt.widgets.Label'}
:Change Settings.Maximum_Text	{container=':Axes.Change Settings_Group' isvisible='true' leftWidget=':Change Settings.Maximum_Label' type='org.eclipse.swt.widgets.Text'}
:Change Settings.Minimum: _Label	{caption='Minimum: ' container=':Axes.Change Settings_Group' isvisible='true' type='org.eclipse.swt.widgets.Label'}
:Change Settings.Minimum: _Text	{container=':Axes.Change Settings_Group' isvisible='true' leftWidget=':Change Settings.Minimum: _Label' type='org.eclipse.swt.widgets.Text'}
:Change Settings.Name: _Label	{caption='Name: ' container=':Traces.Change Settings_Group' isvisible='true' type='org.eclipse.swt.widgets.Label'}
:Change Settings.Name: _Text	{container=':Traces.Change Settings_Group' isvisible='true' leftWidget=':Change Settings.Name: _Label' type='org.eclipse.swt.widgets.Text'}
:Cheat Sheets_CTabItem	{caption='Cheat Sheets' type='org.eclipse.swt.custom.CTabItem' window=':Workbench Window'}
:Clear Console_ToolItem	{caption='Clear Console' container=':_ToolBar' type='org.eclipse.swt.widgets.ToolItem'}
:Clear all vertices shown in the plotting_ToolItem	{caption='Clear all vertices shown in the plotting' container=':_ToolBar_4' type='org.eclipse.swt.widgets.ToolItem'}
:Close wizard automatically on successful installation._Button	{caption='Close wizard automatically on successful installation.' isvisible='true' type='org.eclipse.swt.widgets.Button' window=':WizardDialog_Shell'}
:Configure Graph Settings.Axes_TabItem	{caption='Axes' type='org.eclipse.swt.widgets.TabItem' window=':Configure Graph Settings_Shell'}
:Configure Graph Settings.Graph_TabItem	{caption='Graph' type='org.eclipse.swt.widgets.TabItem' window=':Configure Graph Settings_Shell'}
:Configure Graph Settings.OK_Button	{caption='OK' isvisible='true' type='org.eclipse.swt.widgets.Button' window=':Configure Graph Settings_Shell'}
:Configure Graph Settings.Regions_TabItem	{caption='Regions' type='org.eclipse.swt.widgets.TabItem' window=':Configure Graph Settings_Shell'}
:Configure Graph Settings.Traces_TabItem	{caption='Traces' type='org.eclipse.swt.widgets.TabItem' window=':Configure Graph Settings_Shell'}
:Configure Graph Settings_Shell	{caption='Configure Graph Settings' isvisible='true' type='org.eclipse.swt.widgets.Shell'}
:Configure Settings..._ToolItem	{caption='Configure Settings...' container=':Plot_ToolBar' type='org.eclipse.swt.widgets.ToolItem'}
:Confirm Delete.OK_Button	{caption='OK' isvisible='true' type='org.eclipse.swt.widgets.Button' window=':Confirm Delete_Shell'}
:Confirm Delete_Shell	{caption='Confirm Delete' isvisible='true' type='org.eclipse.swt.widgets.Shell'}
:Confirm Exit.OK_Button	{caption='OK' isvisible='true' type='org.eclipse.swt.widgets.Button' window=':Confirm Exit_Shell'}
:Confirm Exit_Shell	{caption='Confirm Exit' isvisible='true' type='org.eclipse.swt.widgets.Shell'}
:Console_CTabItem	{caption='Console' type='org.eclipse.swt.custom.CTabItem' window=':Workbench Window'}
:Coordinates_TableColumn	{caption='Coordinates' container=':Measurement_Table' type='org.eclipse.swt.widgets.TableColumn'}
:Copies the region values as text to clipboard which can then be pasted externally._ToolItem	{caption='Copies the region values as text to clipboard which can then be pasted externally.' container=':_ToolBar_4' type='org.eclipse.swt.widgets.ToolItem'}
:Create new measurement_ToolItem	{caption='Create new measurement' container=':_ToolBar_10' type='org.eclipse.swt.widgets.ToolItem'}
:Create new measurement_ToolItem_2	{caption='Create new measurement' container=':_ToolBar_12' type='org.eclipse.swt.widgets.ToolItem'}
:Create new measurement_ToolItem_3	{caption='Create new measurement' container=':_ToolBar_11' type='org.eclipse.swt.widgets.ToolItem'}
:Data Brow..._ToolItem	{caption='Data Brow...' container=':_ToolBar_9' type='org.eclipse.swt.widgets.ToolItem'}
:Data_CTabItem	{caption='Data' occurrence='2' type='org.eclipse.swt.custom.CTabItem' window=':Workbench Window'}
:Data_CTabItem_2	{caption='Data' occurrence='4' type='org.eclipse.swt.custom.CTabItem' window=':Workbench Window'}
:Data_Table	{container=':Data_CTabItem' isvisible='true' type='org.eclipse.swt.widgets.Table'}
:Data_Table_2	{container=':Data_CTabItem_2' isvisible='true' type='org.eclipse.swt.widgets.Table'}
:Data_Tree	{container=':Data_CTabItem' isvisible='true' type='org.eclipse.swt.widgets.Tree'}
:Debug_TableCell	{caption='Debug' column='0' container=':Open Perspective_Table' type='com.froglogic.squish.swt.TableCell'}
:Delete Log_ToolItem	{caption='Delete Log' container=':_ToolBar_2' type='org.eclipse.swt.widgets.ToolItem'}
:Delete selected region, if there is one._ToolItem	{caption='Delete selected region, if there is one.' container=':_ToolBar_4' type='org.eclipse.swt.widgets.ToolItem'}
:Environment.New..._Button	{caption='New...' container=':Preferences.Environment_TabItem' isvisible='true' type='org.eclipse.swt.widgets.Button'}
:Error Log_CTabItem	{caption='Error Log' type='org.eclipse.swt.custom.CTabItem' window=':Workbench Window'}
:Error Log_Text	{container=':Error Log_CTabItem' isvisible='true' type='org.eclipse.swt.widgets.Text'}
:Error Log_Tree	{container=':Error Log_CTabItem' isvisible='true' type='org.eclipse.swt.widgets.Tree'}
:Finish_Button	{caption='Finish' isvisible='true' type='org.eclipse.swt.widgets.Button' window=':WizardDialog_Shell'}
:Graph.Title: _Label	{caption='Title: ' container=':Configure Graph Settings.Graph_TabItem' isvisible='true' type='org.eclipse.swt.widgets.Label'}
:Graph.Title: _Text	{container=':Configure Graph Settings.Graph_TabItem' isvisible='true' leftWidget=':Graph.Title: _Label' type='org.eclipse.swt.widgets.Text'}
:I accept the terms of the license agreement_Button	{caption='I accept the terms of the license agreement' isvisible='true' type='org.eclipse.swt.widgets.Button' window=':WizardDialog_Shell'}
:Inside radius_TableColumn	{caption='Inside radius' container=':Measurement_Table' type='org.eclipse.swt.widgets.TableColumn'}
:Install to:_Label	{caption='Install to:' isvisible='true' type='org.eclipse.swt.widgets.Label' window=':WizardDialog_Shell'}
:Install to:_Text	{isvisible='true' leftWidget=':Install to:_Label' type='org.eclipse.swt.widgets.Text' window=':WizardDialog_Shell'}
:Internal Error.OK_Button	{caption='OK' isvisible='true' type='org.eclipse.swt.widgets.Button' window=':Internal Error_Shell'}
:Internal Error_Shell	{caption='Internal Error' isvisible='true' type='org.eclipse.swt.widgets.Shell'}
:Jython console_Button	{caption='Jython console' isvisible='true' type='org.eclipse.swt.widgets.Button' window=':_Shell'}
:ListDialog_Shell	{data?='org.eclipse.ui.dialogs.ListDialog*' isvisible='true' type='org.eclipse.swt.widgets.Shell'}
:Max Intensity_TableColumn	{caption='Max Intensity' container=':Measurement_Table' type='org.eclipse.swt.widgets.TableColumn'}
:Measurement_CTabCloseBox	{container=':Measurement_CTabItem' type='com.froglogic.squish.swt.CTabCloseBox'}
:Measurement_CTabItem	{caption='Measurement' type='org.eclipse.swt.custom.CTabItem' window=':Workbench Window'}
:Measurement_Table	{container=':Measurement_CTabItem' isvisible='true' type='org.eclipse.swt.widgets.Table'}
:Name_TableColumn	{caption='Name' container=':Measurement_Table' type='org.eclipse.swt.widgets.TableColumn'}
:New Environment Variable.Name:_Label	{caption='Name:' isvisible='true' type='org.eclipse.swt.widgets.Label' window=':New Environment Variable_Shell'}
:New Environment Variable.Name:_Text	{isvisible='true' leftWidget=':New Environment Variable.Name:_Label' type='org.eclipse.swt.widgets.Text' window=':New Environment Variable_Shell'}
:New Environment Variable.OK_Button	{caption='OK' isvisible='true' type='org.eclipse.swt.widgets.Button' window=':New Environment Variable_Shell'}
:New Environment Variable.Variables..._Button	{caption='Variables...' isvisible='true' type='org.eclipse.swt.widgets.Button' window=':New Environment Variable_Shell'}
:New Environment Variable_Shell	{caption='New Environment Variable' isvisible='true' type='org.eclipse.swt.widgets.Shell'}
:New Environment Variable_Text	{isvisible='true' occurrence='1' type='org.eclipse.swt.widgets.Text' window=':New Environment Variable_Shell'}
:Next >_Button	{caption='Next >' isvisible='true' type='org.eclipse.swt.widgets.Button' window=':WizardDialog_Shell'}
:OK_Button	{caption='OK' isvisible='true' type='org.eclipse.swt.widgets.Button' window=':_Shell'}
:Open Console_ToolItem	{caption='Open Console' container=':_ToolBar' type='org.eclipse.swt.widgets.ToolItem'}
:Open Perspective.OK_Button	{caption='OK' isvisible='true' type='org.eclipse.swt.widgets.Button' window=':Open Perspective_Shell'}
:Open Perspective_Menu	{caption='Open Perspective' container=':_Menu' menuStyle='SWT.DROP_DOWN' type='org.eclipse.swt.widgets.Menu'}
:Open Perspective_Shell	{caption='Open Perspective' isvisible='true' type='org.eclipse.swt.widgets.Shell'}
:Open Perspective_Table	{isvisible='true' type='org.eclipse.swt.widgets.Table' window=':Open Perspective_Shell'}
:Outside radius_TableColumn	{caption='Outside radius' container=':Measurement_Table' type='org.eclipse.swt.widgets.TableColumn'}
:Pin Console_ToolItem	{caption='Pin Console' container=':_ToolBar' type='org.eclipse.swt.widgets.ToolItem'}
:Plot_Composite	{container=':metalmix.mca.Plot_CTabItem' isvisible='true' occurrence='4' type='org.eclipse.swt.widgets.Composite'}
:Plot_ToolBar	{container=':metalmix.mca.Plot_CTabItem' firstItemText='Configure Settings...' isvisible='true' type='org.eclipse.swt.widgets.ToolBar'}
:Plotting Systems.Refresh_RefreshButton	{caption='Refresh' container=':Plotting Systems_CTabItem' isvisible='true' type='org.eclipse.dawnsci.plotting.api.views.RefreshButton'}
:Plotting Systems_CTabItem	{caption='Plotting Systems' type='org.eclipse.swt.custom.CTabItem' window=':Workbench Window'}
:Plotting Systems_Table	{container=':Plotting Systems_CTabItem' isvisible='true' type='org.eclipse.swt.widgets.Table'}
:Pop Up Menu	{menuStyle='SWT.POP_UP' type='org.eclipse.swt.widgets.Menu' window=':Workbench Window'}
:Preferences.Auto Config_Button	{caption='Advanced Auto-Config' isvisible='true' type='org.eclipse.swt.widgets.Button' window=':Preferences_Shell'}
:Preferences.Cancel_Button	{caption='Cancel' isvisible='true' type='org.eclipse.swt.widgets.Button' window=':Preferences_Shell'}
:Preferences.Connect console to a Debug Session?_Button	{caption='' isvisible='true' leftWidget=':Preferences.Connect console to a Debug Session?_Label' type='org.eclipse.swt.widgets.Button' window=':Preferences_Shell'}
:Preferences.Connect console to a Debug Session?_Label	{caption='Connect console to a Debug Session?' isvisible='true' type='org.eclipse.swt.widgets.Label' window=':Preferences_Shell'}
:Preferences.Environment_TabItem	{caption='Environment' type='org.eclipse.swt.widgets.TabItem' window=':Preferences_Shell'}
:Preferences.New..._Button	{caption='New...' isvisible='true' type='org.eclipse.swt.widgets.Button' window=':Preferences_Shell'}
:Preferences.OK_Button	{caption='OK' isvisible='true' type='org.eclipse.swt.widgets.Button' window=':Preferences_Shell'}
:Preferences.Python interpreters (e.g.: python.exe)_Label	{caption='Python interpreters (e.g.: python.exe)' isvisible='true' type='org.eclipse.swt.widgets.Label' window=':Preferences_Shell'}
:Preferences.Python interpreters (e.g.: python.exe)_Tree	{aboveWidget=':Preferences.Python interpreters (e.g.: python.exe)_Label' isvisible='true' type='org.eclipse.swt.widgets.Tree' window=':Preferences_Shell'}
:Preferences_Composite	{isvisible='true' occurrence='17' type='org.eclipse.swt.widgets.Composite' window=':Preferences_Shell'}
:Preferences_Shell	{caption='Preferences' isvisible='true' type='org.eclipse.swt.widgets.Shell'}
:Preferences_Tree	{isvisible='true' type='org.eclipse.swt.widgets.Tree' window=':Preferences_Shell'}
:Project Explorer_CTabItem	{caption='Project Explorer' occurrence='1' type='org.eclipse.swt.custom.CTabItem' window=':Workbench Window'}
:Project Explorer_Tree	{container=':Resource - .Project Explorer_CTabItem' isvisible='true' type='org.eclipse.swt.widgets.Tree'}
:Project Explorer_Tree_2	{container=':Project Explorer_CTabItem' isvisible='true' type='org.eclipse.swt.widgets.Tree'}
:PyDev Console	{container=':Console_CTabItem' isvisible='true' type='org.python.pydev.shared_interactive_console.console.ui.internal.ScriptConsoleViewer$ScriptConsoleStyledText'}
:Python console_Button	{caption='Python console' isvisible='true' type='org.eclipse.swt.widgets.Button' window=':_Shell'}
:Python_TableCell	{caption='Python' column='0' container=':Open Perspective_Table' type='com.froglogic.squish.swt.TableCell'}
:Region Type_TableColumn	{caption='Region Type' container=':Measurement_Table' type='org.eclipse.swt.widgets.TableColumn'}
:Regions.Selection Region_Group	{caption='Selection Region' container=':Configure Graph Settings.Regions_TabItem' isvisible='true' type='org.eclipse.swt.widgets.Group'}
:Reset Perspective.Yes_Button	{caption='Yes' isvisible='true' type='org.eclipse.swt.widgets.Button' window=':Reset Perspective_Shell'}
:Reset Perspective_Shell	{caption='Reset Perspective' isvisible='true' type='org.eclipse.swt.widgets.Shell'}
:Resource - .Project Explorer_CTabItem	{caption='Project Explorer' type='org.eclipse.swt.custom.CTabItem' window=':Workbench Window'}
:SWT	SWT
:Select Axis_Combo	{container=':Axes.Select Axis_Group' isvisible='true' type='org.eclipse.swt.widgets.Combo'}
:Select Interpreter Available_Caption	{caption?='Multiple possible interpreters are available*' isvisible='true' type='org.eclipse.swt.widgets.Label' window=':ListDialog_Shell'}
:Select Interpreter Available_OK_Button	{caption='OK' isvisible='true' type='org.eclipse.swt.widgets.Button' window=':ListDialog_Shell'}
:Select Interpreter Available_Table	{aboveWidget=':Select Interpreter Available_Caption' isvisible='true' type='org.eclipse.swt.widgets.Table' window=':ListDialog_Shell'}
:Select Trace_Combo	{container=':Traces.Select Trace_Group' isvisible='true' type='org.eclipse.swt.widgets.Combo'}
:Select Variable_Shell	{caption='Select Variable' isvisible='true' type='org.eclipse.swt.widgets.Shell'}
:Select interpreter Error Message_Text	{isvisible='true' occurrence='2' type='org.eclipse.swt.widgets.Text' window=':Select interpreter_Shell'}
:Select interpreter.Browse..._Button	{caption='Browse...' isvisible='true' type='org.eclipse.swt.widgets.Button' window=':Select interpreter_Shell'}
:Select interpreter.Cancel_Button	{caption='Cancel' isvisible='true' type='org.eclipse.swt.widgets.Button' window=':Select interpreter_Shell'}
:Select interpreter.Interpreter Executable: _Label	{caption='Interpreter Executable: ' isvisible='true' type='org.eclipse.swt.widgets.Label' window=':Select interpreter_Shell'}
:Select interpreter.Interpreter Executable: _Text	{isvisible='true' leftWidget=':Select interpreter.Interpreter Executable: _Label' type='org.eclipse.swt.widgets.Text' window=':Select interpreter_Shell'}
:Select interpreter.Interpreter Name: _Label	{caption='Interpreter Name: ' isvisible='true' type='org.eclipse.swt.widgets.Label' window=':Select interpreter_Shell'}
:Select interpreter.Interpreter Name: _Text	{isvisible='true' leftWidget=':Select interpreter.Interpreter Name: _Label' type='org.eclipse.swt.widgets.Text' window=':Select interpreter_Shell'}
:Select interpreter.OK_Button	{caption='OK' isvisible='true' type='org.eclipse.swt.widgets.Button' window=':Select interpreter_Shell'}
:Select interpreter_Shell	{caption='Select interpreter' isvisible='true' type='org.eclipse.swt.widgets.Shell'}
:Selection Region_Combo	{container=':Regions.Selection Region_Group' isvisible='true' type='org.eclipse.swt.widgets.Combo'}
:Selection needed.OK_Button	{caption='OK' isvisible='true' type='org.eclipse.swt.widgets.Button' window=':Selection needed_Shell'}
:Selection needed_Shell	{caption='Selection needed' isvisible='true' type='org.eclipse.swt.widgets.Shell'}
:Show Plot View_Menu	{caption='Show Plot View' container=':_Menu' menuStyle='SWT.DROP_DOWN' type='org.eclipse.swt.widgets.Menu'}
:Show View.OK_Button	{caption='OK' isvisible='true' type='org.eclipse.swt.widgets.Button' window=':Show View_Shell'}
:Show View_Menu	{caption='Show View' container=':_Menu' menuStyle='SWT.DROP_DOWN' type='org.eclipse.swt.widgets.Menu'}
:Show View_Shell	{caption='Show View' isvisible='true' type='org.eclipse.swt.widgets.Shell'}
:Show View_Text	{isvisible='true' type='org.eclipse.swt.widgets.Text' window=':Show View_Shell'}
:Show View_Tree	{isvisible='true' type='org.eclipse.swt.widgets.Tree' window=':Show View_Shell'}
:Show vertices in all visible regions_ToolItem	{caption='Show vertices in all visible regions' container=':_ToolBar_4' type='org.eclipse.swt.widgets.ToolItem'}
:Traces.Change Settings_Group	{caption='Change Settings' container=':Configure Graph Settings.Traces_TabItem' isvisible='true' type='org.eclipse.swt.widgets.Group'}
:Traces.Select Trace_Group	{caption='Select Trace' container=':Configure Graph Settings.Traces_TabItem' isvisible='true' type='org.eclipse.swt.widgets.Group'}
:Variables_CTabItem	{caption='Variables' type='org.eclipse.swt.custom.CTabItem' window=':Workbench Window'}
:Variables_Tree	{container=':Variables_CTabItem' isvisible='true' type='org.eclipse.swt.widgets.Tree'}
:View Menu_ToolItem	{caption='View Menu' container=':_ToolBar_3' type='org.eclipse.swt.widgets.ToolItem'}
:View Menu_ToolItem_2	{caption='View Menu' container=':_ToolBar_5' type='org.eclipse.swt.widgets.ToolItem'}
:View Menu_ToolItem_3	{caption='View Menu' container=':_ToolBar_7' type='org.eclipse.swt.widgets.ToolItem'}
:Virtual_TreeItem	{caption='Virtual' container=':Project Explorer_Tree' type='org.eclipse.swt.widgets.TreeItem'}
:Welcome_CTabCloseBox	{container=':Welcome_CTabItem' type='com.froglogic.squish.swt.CTabCloseBox'}
:Welcome_CTabItem	{caption='Welcome' type='org.eclipse.swt.custom.CTabItem' window=':Workbench Window'}
:Window_Menu	{caption='Window' container=':_Menu' menuStyle='SWT.DROP_DOWN' type='org.eclipse.swt.widgets.Menu'}
:WizardDialog_Shell	{data?='org.eclipse.jface.wizard.WizardDialog@*' isvisible='true' type='org.eclipse.swt.widgets.Shell'}
:Workbench Window	{data?='org.eclipse.ui.internal.WorkbenchWindow*' isvisible='true' type='org.eclipse.swt.widgets.Shell'}
:Workspace Launcher.OK_Button	{caption='OK' isvisible='true' type='org.eclipse.swt.widgets.Button' window=':Workspace Launcher_Shell'}
:Workspace Launcher_Shell	{caption='Workspace Launcher' isvisible='true' type='org.eclipse.swt.widgets.Shell'}
:XY plotting tools_ToolItem	{caption='XY plotting tools' container=':Plot_ToolBar' type='org.eclipse.swt.widgets.ToolItem'}
:_CTabFolder	{firstTabCaption='Console' isvisible='true' type='org.eclipse.swt.custom.CTabFolder' window=':Workbench Window'}
:_CTabFolder_2	{firstTabCaption='Data' isvisible='true' type='org.eclipse.swt.custom.CTabFolder' window=':Workbench Window'}
:_CTabFolder_3	{firstTabCaption='Project Explorer' isvisible='true' type='org.eclipse.swt.custom.CTabFolder' window=':Workbench Window'}
:_CTabFolder_4	{firstTabCaption='Actor Attributes' isvisible='true' type='org.eclipse.swt.custom.CTabFolder' window=':Workbench Window'}
:_CTabFolder_5	{firstTabCaption='Value' isvisible='true' type='org.eclipse.swt.custom.CTabFolder' window=':Workbench Window'}
:_CTabFolder_6	{firstTabCaption='Cheat Sheets' isvisible='true' type='org.eclipse.swt.custom.CTabFolder' window=':Workbench Window'}
:_Menu	{menuStyle='SWT.BAR' type='org.eclipse.swt.widgets.Menu' window=':Workbench Window'}
:_Sash	{isvisible='true' occurrence='1' type='org.eclipse.swt.widgets.Sash' window=':Workbench Window'}
:_Sash_2	{isvisible='true' occurrence='2' type='org.eclipse.swt.widgets.Sash' window=':Workbench Window'}
:_Shell	{caption='' isvisible='true' type='org.eclipse.swt.widgets.Shell'}
:_ToolBar	{container=':_CTabFolder' firstItemText~='(Pin Console|Terminate current console|Clear Console)' isvisible='true' type='org.eclipse.swt.widgets.ToolBar'}
:_ToolBar_10	{container=':_CTabFolder_5' firstItemText='Create new measurement' isvisible='true' type='org.eclipse.swt.widgets.ToolBar'}
:_ToolBar_11	{container=':_CTabFolder_2' firstItemText='Create new measurement' isvisible='true' type='org.eclipse.swt.widgets.ToolBar'}
:_ToolBar_2	{container=':_CTabFolder_2' firstItemText='Export Log' isvisible='true' type='org.eclipse.swt.widgets.ToolBar'}
:_ToolBar_3	{container=':_CTabFolder_3' firstItemText='View Menu' isvisible='true' type='org.eclipse.swt.widgets.ToolBar'}
:_ToolBar_4	{container=':_CTabFolder_4' firstItemText='Create new measurement.' isvisible='true' type='org.eclipse.swt.widgets.ToolBar'}
:_ToolBar_5	{container=':_CTabFolder_4' firstItemText='View Menu' isvisible='true' type='org.eclipse.swt.widgets.ToolBar'}
:_ToolBar_6	{container=':_CTabFolder_5' firstItemText='Create new measurement.' isvisible='true' type='org.eclipse.swt.widgets.ToolBar'}
:_ToolBar_7	{container=':_CTabFolder_5' firstItemText='View Menu' isvisible='true' type='org.eclipse.swt.widgets.ToolBar'}
:_ToolBar_8	{container=':_CTabFolder_2' firstItemText='Create new measurement.' isvisible='true' type='org.eclipse.swt.widgets.ToolBar'}
:_ToolBar_9	{firstItemText='DExplore' isvisible='true' type='org.eclipse.swt.widgets.ToolBar' window=':Workbench Window'}
:_ViewForm	{container=':_CTabFolder_2' isvisible='true' type='org.eclipse.swt.custom.ViewForm'}
:dx_TableColumn	{caption='dx' container=':Measurement_Table' type='org.eclipse.swt.widgets.TableColumn'}
:dy_TableColumn	{caption='dy' container=':Measurement_Table' type='org.eclipse.swt.widgets.TableColumn'}
:length_TableColumn	{caption='length' container=':Measurement_Table' type='org.eclipse.swt.widgets.TableColumn'}
:metalmix.mca.Plot_CTabItem	{caption='Plot' container=':metalmix.mca_CTabItem' type='org.eclipse.swt.custom.CTabItem'}
:metalmix.mca_CTabItem	{caption='metalmix.mca' type='org.eclipse.swt.custom.CTabItem' window=':Workbench Window'}
:myvar_TreeItem	{caption='myvar' container=':Variables_Tree' type='org.eclipse.swt.widgets.TreeItem'}
