:*Untitled 1_CTabItem	{caption='*Untitled 1' type='org.eclipse.swt.custom.CTabItem' window=':Workbench Window'}
:*Untitled 1_StyledText	{container=':*Untitled 1_CTabItem' isvisible='true' type='org.eclipse.swt.custom.StyledText'}
:224673.dat.Info_CTabItem	{caption='Info' container=':224673.dat_CTabItem' type='org.eclipse.swt.custom.CTabItem'}
:224673.dat_CTabItem	{caption='224673.dat' type='org.eclipse.swt.custom.CTabItem' window=':Workbench Window'}
:315029.dat.Info_CTabItem	{caption='Info' container=':315029.dat_CTabItem' type='org.eclipse.swt.custom.CTabItem'}
:315029.dat_CTabItem	{caption='315029.dat' type='org.eclipse.swt.custom.CTabItem' window=':Workbench Window'}
:7918.nxs_CTabCloseBox	{container=':7918.nxs_CTabItem' type='com.froglogic.squish.swt.CTabCloseBox'}
:7918.nxs_CTabItem	{caption='7918.nxs' type='org.eclipse.swt.custom.CTabItem' window=':Workbench Window'}
:Cheat Sheet Selection.OK_Button	{caption='OK' isvisible='true' type='org.eclipse.swt.widgets.Button' window=':Cheat Sheet Selection_Shell'}
:Cheat Sheet Selection_Shell	{caption='Cheat Sheet Selection' isvisible='true' type='org.eclipse.swt.widgets.Shell'}
:Cheat Sheet Selection_Tree	{isvisible='true' type='org.eclipse.swt.widgets.Tree' window=':Cheat Sheet Selection_Shell'}
:Clear Console_ToolItem	{caption='Clear Console' container=':_ToolBar' type='org.eclipse.swt.widgets.ToolItem'}
:Close wizard automatically on successful installation._Button	{caption='Close wizard automatically on successful installation.' isvisible='true' type='org.eclipse.swt.widgets.Button' window=':WizardDialog_Shell'}
:Plotting Systems_CTabItem	{caption='Plotting Systems' type='org.eclipse.swt.custom.CTabItem' window=':Workbench Window'}
:Plotting Systems.Refresh_RefreshButton	{caption='Refresh' container=':Plotting Systems_CTabItem' isvisible='true' type='org.dawnsci.plotting.api.views.RefreshButton'}
:Plotting Systems_Table	{container=':Plotting Systems_CTabItem' isvisible='true' type='org.eclipse.swt.widgets.Table'}
:Colour mapping.Alpha_CCombo	{container=':Colour mapping_CTabItem' isvisible='true' leftWidget=':Colour mapping.Alpha_Label' type='org.eclipse.swt.custom.CCombo'}
:Colour mapping.Alpha_Label	{caption='Alpha' container=':Colour mapping_CTabItem' isvisible='true' type='org.eclipse.swt.widgets.Label'}
:Colour mapping.Blue_CCombo	{container=':Colour mapping_CTabItem' isvisible='true' leftWidget=':Colour mapping.Blue_Label' type='org.eclipse.swt.custom.CCombo'}
:Colour mapping.Blue_Label	{caption='Blue' container=':Colour mapping_CTabItem' isvisible='true' type='org.eclipse.swt.widgets.Label'}
:Colour mapping.Colour Scheme per Channel_Composite	{aboveWidget=':Colour mapping.Colour Scheme per Channel_Label' container=':Colour mapping_CTabItem' isvisible='true' type='org.eclipse.swt.widgets.Composite'}
:Colour mapping.Colour Scheme per Channel_Label	{caption='Colour Scheme per Channel' container=':Colour mapping_CTabItem' isvisible='true' type='org.eclipse.swt.widgets.Label'}
:Colour mapping.Dead Pixel Max cutoff_Label	{caption='Dead Pixel Max cutoff' container=':Colour mapping_CTabItem' isvisible='true' type='org.eclipse.swt.widgets.Label'}
:Colour mapping.Dead Pixel Max cutoff_Text	{container=':Colour mapping_CTabItem' isvisible='true' leftWidget=':Colour mapping.Dead Pixel Max cutoff_Label' type='org.eclipse.swt.widgets.Text'}
:Colour mapping.Dead pixel and zinger cutoffs_Composite	{aboveWidget=':Colour mapping.Dead pixel and zinger cutoffs_Label' container=':Colour mapping_CTabItem' isvisible='true' type='org.eclipse.swt.widgets.Composite'}
:Colour mapping.Dead pixel and zinger cutoffs_Label	{caption='Dead pixel and zinger cutoffs' container=':Colour mapping_CTabItem' isvisible='true' type='org.eclipse.swt.widgets.Label'}
:Colour mapping.Green_CCombo	{container=':Colour mapping_CTabItem' isvisible='true' leftWidget=':Colour mapping.Green_Label' type='org.eclipse.swt.custom.CCombo'}
:Colour mapping.Green_Label	{caption='Green' container=':Colour mapping_CTabItem' isvisible='true' type='org.eclipse.swt.widgets.Label'}
:Colour mapping.Inverse_Button	{caption='Inverse' container=':Colour mapping_CTabItem' isvisible='true' type='org.eclipse.swt.widgets.Button'}
:Colour mapping.Inverse_Button_2	{caption='Inverse' container=':Colour mapping_CTabItem' isvisible='true' occurrence='1' type='org.eclipse.swt.widgets.Button'}
:Colour mapping.Inverse_Button_3	{caption='Inverse' container=':Colour mapping_CTabItem' isvisible='true' occurrence='2' type='org.eclipse.swt.widgets.Button'}
:Colour mapping.Inverse_Button_4	{caption='Inverse' container=':Colour mapping_CTabItem' isvisible='true' occurrence='3' type='org.eclipse.swt.widgets.Button'}
:Colour mapping.Log Scale_Button	{caption='Log Scale' container=':Colour mapping_CTabItem' isvisible='true' type='org.eclipse.swt.widgets.Button'}
:Colour mapping.Red_CCombo	{container=':Colour mapping_CTabItem' isvisible='true' leftWidget=':Colour mapping.Red_Label' type='org.eclipse.swt.custom.CCombo'}
:Colour mapping.Red_Label	{caption='Red' container=':Colour mapping_CTabItem' isvisible='true' type='org.eclipse.swt.widgets.Label'}
:Colour mapping.Zinger Min value cutoff_Label	{caption='Zinger Min value cutoff' container=':Colour mapping_CTabItem' isvisible='true' type='org.eclipse.swt.widgets.Label'}
:Colour mapping.Zinger Min value cutoff_Text	{container=':Colour mapping_CTabItem' isvisible='true' leftWidget=':Colour mapping.Zinger Min value cutoff_Label' type='org.eclipse.swt.widgets.Text'}
:Colour mapping_CCombo	{container=':Colour mapping_CTabItem' isvisible='true' type='org.eclipse.swt.custom.CCombo'}
:Colour mapping_CTabCloseBox	{container=':Colour mapping_CTabItem' type='com.froglogic.squish.swt.CTabCloseBox'}
:Colour mapping_CTabItem	{caption='Colour mapping' type='org.eclipse.swt.custom.CTabItem' window=':Workbench Window'}
:Colour mapping_Composite	{container=':Colour mapping_CTabItem' isvisible='true' occurrence='2' type='org.eclipse.swt.widgets.Composite'}
:Colour mapping_Scale	{container=':Colour mapping_CTabItem' isvisible='true' type='org.eclipse.swt.widgets.Scale'}
:Colour mapping_Scale_2	{container=':Colour mapping_CTabItem' isvisible='true' occurrence='1' type='org.eclipse.swt.widgets.Scale'}
:Colour mapping_Scale_3	{container=':Colour mapping_CTabItem' isvisible='true' occurrence='2' type='org.eclipse.swt.widgets.Scale'}
:Colour mapping_Scale_4	{container=':Colour mapping_CTabItem' isvisible='true' occurrence='3' type='org.eclipse.swt.widgets.Scale'}
:Colour mapping_Spinner	{container=':Colour mapping_CTabItem' isvisible='true' occurrence='1' type='org.eclipse.swt.widgets.Spinner'}
:Colour mapping_Spinner_2	{container=':Colour mapping_CTabItem' isvisible='true' type='org.eclipse.swt.widgets.Spinner'}
:Colour mapping_Spinner_3	{container=':Colour mapping_CTabItem' isvisible='true' occurrence='2' type='org.eclipse.swt.widgets.Spinner'}
:Colour mapping_Spinner_4	{container=':Colour mapping_CTabItem' isvisible='true' occurrence='3' type='org.eclipse.swt.widgets.Spinner'}
:Colour mapping_Text	{container=':Colour mapping_CTabItem' isvisible='true' type='org.eclipse.swt.widgets.Text'}
:Colour mapping_Twistie	{container=':Colour mapping_CTabItem' isvisible='true' occurrence='1' type='org.eclipse.ui.forms.widgets.Twistie'}
:Colour mapping_Twistie_2	{container=':Colour mapping_CTabItem' isvisible='true' occurrence='2' type='org.eclipse.ui.forms.widgets.Twistie'}
:Colour mapping_Twistie_3	{container=':Colour mapping_CTabItem' isvisible='true' occurrence='3' type='org.eclipse.ui.forms.widgets.Twistie'}
:Colour mapping_Twistie_4	{container=':Colour mapping_CTabItem' isvisible='true' occurrence='4' type='org.eclipse.ui.forms.widgets.Twistie'}
:Configure Graph Settings.Apply_Button	{caption='Apply' isvisible='true' type='org.eclipse.swt.widgets.Button' window=':Configure Graph Settings_Shell'}
:Configure Graph Settings.Axes_TabItem	{caption='Axes' type='org.eclipse.swt.widgets.TabItem' window=':Configure Graph Settings_Shell'}
:Configure Graph Settings.Graph_TabItem	{caption='Graph' type='org.eclipse.swt.widgets.TabItem' window=':Configure Graph Settings_Shell'}
:Configure Graph Settings.Image Traces_TabItem	{caption='Image Traces' type='org.eclipse.swt.widgets.TabItem' window=':Configure Graph Settings_Shell'}
:Configure Graph Settings.OK_Button	{caption='OK' isvisible='true' type='org.eclipse.swt.widgets.Button' window=':Configure Graph Settings_Shell'}
:Configure Graph Settings_Shell	{caption='Configure Graph Settings' isvisible='true' type='org.eclipse.swt.widgets.Shell'}
:Configure Graph Settings_TabFolder	{isvisible='true' type='org.eclipse.swt.widgets.TabFolder' window=':Configure Graph Settings_Shell'}
:Configure Settings..._ToolItem	{caption='Configure Settings...' container=':Image_ToolBar' type='org.eclipse.swt.widgets.ToolItem'}
:Confirm Delete.OK_Button	{caption='OK' isvisible='true' type='org.eclipse.swt.widgets.Button' window=':Confirm Delete_Shell'}
:Confirm Delete_Shell	{caption='Confirm Delete' isvisible='true' type='org.eclipse.swt.widgets.Shell'}
:Confirm Exit.OK_Button	{caption='OK' isvisible='true' type='org.eclipse.swt.widgets.Button' window=':Confirm Exit_Shell'}
:Confirm Exit_Shell	{caption='Confirm Exit' isvisible='true' type='org.eclipse.swt.widgets.Shell'}
:Console_CTabItem	{caption='Console' type='org.eclipse.swt.custom.CTabItem' window=':Workbench Window'}
:Data Brow..._ToolItem	{caption='Data Brow...' container=':_ToolBar_4' type='org.eclipse.swt.widgets.ToolItem'}
:Data axes selection_CTabFolder	{firstTabCaption='1D plot' isvisible='true' leftWidget=':Data axes selection_Group' type='org.eclipse.swt.custom.CTabFolder' window=':Workbench Window'}
:Data axes selection_CTabFolderChevron	{container=':Data axes selection_CTabFolder' type='com.froglogic.squish.swt.CTabFolderChevron'}
:Data axes selection_ExpandableComposite	{aboveWidget=':Data axes selection_Group' isvisible='true' type='org.eclipse.ui.forms.widgets.ExpandableComposite' window=':Workbench Window'}
:Data axes selection_Group	{caption='Data axes selection' isvisible='true' type='org.eclipse.swt.widgets.Group' window=':Workbench Window'}
:Data_CTabItem	{caption='Data' occurrence='2' type='org.eclipse.swt.custom.CTabItem' window=':Workbench Window'}
:Data_Table	{container=':Data_CTabItem' isvisible='true' type='org.eclipse.swt.widgets.Table'}
:Data_Tree	{container=':Data_CTabItem' isvisible='true' type='org.eclipse.swt.widgets.Tree'}
:Debug_TableCell	{caption='Debug' column='0' container=':Open Perspective_Table' type='com.froglogic.squish.swt.TableCell'}
:Delete Log_ToolItem	{caption='Delete Log' container=':_ToolBar_2' type='org.eclipse.swt.widgets.ToolItem'}
:Enthought EPD Free Installer_Label	{caption='Enthought EPD Free Installer' isvisible='true' type='org.eclipse.swt.widgets.Label' window=':WizardDialog_Shell'}
:Environment.New..._Button	{caption='New...' container=':Preferences.Environment_TabItem' isvisible='true' type='org.eclipse.swt.widgets.Button'}
:Error Log_CTabItem	{caption='Error Log' type='org.eclipse.swt.custom.CTabItem' window=':Workbench Window'}
:Error Log_Text	{container=':Error Log_CTabItem' isvisible='true' type='org.eclipse.swt.widgets.Text'}
:Error Log_Tree	{container=':Error Log_CTabItem' isvisible='true' type='org.eclipse.swt.widgets.Tree'}
:Finish_Button	{caption='Finish' isvisible='true' type='org.eclipse.swt.widgets.Button' window=':WizardDialog_Shell'}
:Help_Menu	{caption='Help' container=':_Menu' menuStyle='SWT.DROP_DOWN' type='org.eclipse.swt.widgets.Menu'}
:Histogramming.Histogram Type_CCombo	{container=':Image Traces.Histogramming_Group' isvisible='true' leftWidget=':Histogramming.Histogram Type_Label' type='org.eclipse.swt.custom.CCombo'}
:Histogramming.Histogram Type_Label	{caption='Histogram Type' container=':Image Traces.Histogramming_Group' isvisible='true' type='org.eclipse.swt.widgets.Label'}
:Histogramming_StyledText	{container=':Image Traces.Histogramming_Group' isvisible='true' type='org.eclipse.swt.custom.StyledText'}
:Histogramming_StyledText_2	{container=':Image Traces.Histogramming_Group' isvisible='true' occurrence='1' type='org.eclipse.swt.custom.StyledText'}
:I accept the terms of the license agreement_Button	{caption='I accept the terms of the license agreement' isvisible='true' type='org.eclipse.swt.widgets.Button' window=':WizardDialog_Shell'}
:Image Traces.Histogramming_Group	{caption='Histogramming' container=':Configure Graph Settings.Image Traces_TabItem' isvisible='true' type='org.eclipse.swt.widgets.Group'}
:Image Traces.Select Trace_Group	{caption='Select Trace' container=':Configure Graph Settings.Image Traces_TabItem' isvisible='true' type='org.eclipse.swt.widgets.Group'}
:Image tools used to profile and inspect images._ToolItem	{caption='Image tools used to profile and inspect images.' container=':Image_ToolBar' type='org.eclipse.swt.widgets.ToolItem'}
:Image_ToolBar	{container=':pilatus300k.edf.Image_CTabItem' firstItemText='Configure Settings...' isvisible='true' type='org.eclipse.swt.widgets.ToolBar'}
:Image_ToolBar_2	{container=':pilatus300k.edf.Image_CTabItem' isvisible='true' occurrence='1' type='org.eclipse.swt.widgets.ToolBar'}
:Info_Table	{container=':pilatus300k.edf.Info_CTabItem' isvisible='true' type='org.eclipse.swt.widgets.Table'}
:Info_Table_2	{container=':224673.dat.Info_CTabItem' isvisible='true' type='org.eclipse.swt.widgets.Table'}
:Info_Table_3	{container=':315029.dat.Info_CTabItem' isvisible='true' type='org.eclipse.swt.widgets.Table'}
:Install to:_Label	{caption='Install to:' isvisible='true' type='org.eclipse.swt.widgets.Label' window=':WizardDialog_Shell'}
:Install to:_Text	{isvisible='true' leftWidget=':Install to:_Label' type='org.eclipse.swt.widgets.Text' window=':WizardDialog_Shell'}
:Internal Error.OK_Button	{caption='OK' isvisible='true' type='org.eclipse.swt.widgets.Button' window=':Internal Error_Shell'}
:Internal Error_Shell	{caption='Internal Error' isvisible='true' type='org.eclipse.swt.widgets.Shell'}
:Jython console_Button	{caption='Jython console' isvisible='true' type='org.eclipse.swt.widgets.Button' window=':_Shell'}
:ListDialog_Shell	{data?='org.eclipse.ui.dialogs.ListDialog*' isvisible='true' type='org.eclipse.swt.widgets.Shell'}
:New Environment Variable.Name:_Label	{caption='Name:' isvisible='true' type='org.eclipse.swt.widgets.Label' window=':New Environment Variable_Shell'}
:New Environment Variable.Name:_Text	{isvisible='true' leftWidget=':New Environment Variable.Name:_Label' type='org.eclipse.swt.widgets.Text' window=':New Environment Variable_Shell'}
:New Environment Variable.OK_Button	{caption='OK' isvisible='true' type='org.eclipse.swt.widgets.Button' window=':New Environment Variable_Shell'}
:New Environment Variable.Variables..._Button	{caption='Variables...' isvisible='true' type='org.eclipse.swt.widgets.Button' window=':New Environment Variable_Shell'}
:New Environment Variable_Shell	{caption='New Environment Variable' isvisible='true' type='org.eclipse.swt.widgets.Shell'}
:New Environment Variable_Text	{isvisible='true' occurrence='1' type='org.eclipse.swt.widgets.Text' window=':New Environment Variable_Shell'}
:Next >_Button	{caption='Next >' isvisible='true' type='org.eclipse.swt.widgets.Button' window=':WizardDialog_Shell'}
:OK_Button	{caption='OK' isvisible='true' type='org.eclipse.swt.widgets.Button' window=':_Shell'}
:Open Console_ToolItem	{caption='Open Console' container=':_ToolBar' type='org.eclipse.swt.widgets.ToolItem'}
:Open Perspective.OK_Button	{caption='OK' isvisible='true' type='org.eclipse.swt.widgets.Button' window=':Open Perspective_Shell'}
:Open Perspective_Menu	{caption='Open Perspective' container=':_Menu' menuStyle='SWT.DROP_DOWN' type='org.eclipse.swt.widgets.Menu'}
:Open Perspective_Shell	{caption='Open Perspective' isvisible='true' type='org.eclipse.swt.widgets.Shell'}
:Open Perspective_Table	{isvisible='true' type='org.eclipse.swt.widgets.Table' window=':Open Perspective_Shell'}
:Open Perspective_ToolItem	{caption='Open Perspective' container=':_ToolBar_4' type='org.eclipse.swt.widgets.ToolItem'}
:Pin Console_ToolItem	{caption='Pin Console' container=':_ToolBar' type='org.eclipse.swt.widgets.ToolItem'}
:Pop Up Menu	{menuStyle='SWT.POP_UP' type='org.eclipse.swt.widgets.Menu' window=':Workbench Window'}
:Preferences.Auto Config_Button	{caption='Auto Config' isvisible='true' type='org.eclipse.swt.widgets.Button' window=':Preferences_Shell'}
:Preferences.Cancel_Button	{caption='Cancel' isvisible='true' type='org.eclipse.swt.widgets.Button' window=':Preferences_Shell'}
:Preferences.Connect console to Variables Debug View?_Button	{caption='' isvisible='true' leftWidget=':Preferences.Connect console to Variables Debug View?_Label' type='org.eclipse.swt.widgets.Button' window=':Preferences_Shell'}
:Preferences.Connect console to Variables Debug View?_Label	{caption='Connect console to Variables Debug View?' isvisible='true' type='org.eclipse.swt.widgets.Label' window=':Preferences_Shell'}
:Preferences.Environment_TabItem	{caption='Environment' type='org.eclipse.swt.widgets.TabItem' window=':Preferences_Shell'}
:Preferences.New..._Button	{caption='New...' isvisible='true' type='org.eclipse.swt.widgets.Button' window=':Preferences_Shell'}
:Preferences.OK_Button	{caption='OK' isvisible='true' type='org.eclipse.swt.widgets.Button' window=':Preferences_Shell'}
:Preferences.Python interpreters (e.g.: python.exe)_Label	{caption='Python interpreters (e.g.: python.exe)' isvisible='true' type='org.eclipse.swt.widgets.Label' window=':Preferences_Shell'}
:Preferences.Python interpreters (e.g.: python.exe)_Tree	{aboveWidget=':Preferences.Python interpreters (e.g.: python.exe)_Label' isvisible='true' type='org.eclipse.swt.widgets.Tree' window=':Preferences_Shell'}
:Preferences_Composite	{isvisible='true' occurrence='17' type='org.eclipse.swt.widgets.Composite' window=':Preferences_Shell'}
:Preferences_Shell	{caption='Preferences' isvisible='true' type='org.eclipse.swt.widgets.Shell'}
:Preferences_Tree	{isvisible='true' type='org.eclipse.swt.widgets.Tree' window=':Preferences_Shell'}
:Project Explorer_CTabItem	{caption='Project Explorer' occurrence='1' type='org.eclipse.swt.custom.CTabItem' window=':Workbench Window'}
:Project Explorer_Tree	{container=':Resource - .Project Explorer_CTabItem' isvisible='true' type='org.eclipse.swt.widgets.Tree'}
:Project Explorer_Tree_2	{container=':Project Explorer_CTabItem' isvisible='true' type='org.eclipse.swt.widgets.Tree'}
:PyDev Console	{container=':Console_CTabItem' isvisible='true' type='org.python.pydev.dltk.console.ui.internal.ScriptConsoleViewer$ScriptConsoleStyledText'}
:PyDev Package Explorer_CTabItem	{caption='PyDev Package Explorer' type='org.eclipse.swt.custom.CTabItem' window=':Workbench Window'}
:PyDev Package Explorer_Tree	{container=':PyDev Package Explorer_CTabItem' isvisible='false' type='org.eclipse.swt.widgets.Tree'}
:PyDev Package Explorer_Tree_2	{container=':PyDev Package Explorer_CTabItem' isvisible='true' type='org.eclipse.swt.widgets.Tree'}
:Python console_Button	{caption='Python console' isvisible='true' type='org.eclipse.swt.widgets.Button' window=':_Shell'}
:Python interpreters (e.g.: python.exe).EPD Free Python_TreeItem	{caption='EPD Free Python' container=':Preferences.Python interpreters (e.g.: python.exe)_Tree' type='org.eclipse.swt.widgets.TreeItem'}
:Python_TableCell	{caption='Python' column='0' container=':Open Perspective_Table' type='com.froglogic.squish.swt.TableCell'}
:Reset Perspective.Yes_Button	{caption='Yes' isvisible='true' type='org.eclipse.swt.widgets.Button' window=':Reset Perspective_Shell'}
:Reset Perspective_Shell	{caption='Reset Perspective' isvisible='true' type='org.eclipse.swt.widgets.Shell'}
:Resource - .Project Explorer_CTabItem	{caption='Project Explorer' type='org.eclipse.swt.custom.CTabItem' window=':Workbench Window'}
:SWT	SWT
:Select Interpreter Available_Caption	{caption?='Multiple possible interpreters are available*' isvisible='true' type='org.eclipse.swt.widgets.Label' window=':ListDialog_Shell'}
:Select Interpreter Available_OK_Button	{caption='OK' isvisible='true' type='org.eclipse.swt.widgets.Button' window=':ListDialog_Shell'}
:Select Interpreter Available_Table	{aboveWidget=':Select Interpreter Available_Caption' isvisible='true' type='org.eclipse.swt.widgets.Table' window=':ListDialog_Shell'}
:Select Trace_Combo	{container=':Image Traces.Select Trace_Group' isvisible='true' type='org.eclipse.swt.widgets.Combo'}
:Select Variable_Shell	{caption='Select Variable' isvisible='true' type='org.eclipse.swt.widgets.Shell'}
:Select interpreter Error Message_Text	{isvisible='true' occurrence='2' type='org.eclipse.swt.widgets.Text' window=':Select interpreter_Shell'}
:Select interpreter.Browse..._Button	{caption='Browse...' isvisible='true' type='org.eclipse.swt.widgets.Button' window=':Select interpreter_Shell'}
:Select interpreter.Cancel_Button	{caption='Cancel' isvisible='true' type='org.eclipse.swt.widgets.Button' window=':Select interpreter_Shell'}
:Select interpreter.Interpreter Executable: _Label	{caption='Interpreter Executable: ' isvisible='true' type='org.eclipse.swt.widgets.Label' window=':Select interpreter_Shell'}
:Select interpreter.Interpreter Executable: _Text	{isvisible='true' leftWidget=':Select interpreter.Interpreter Executable: _Label' type='org.eclipse.swt.widgets.Text' window=':Select interpreter_Shell'}
:Select interpreter.Interpreter Name: _Label	{caption='Interpreter Name: ' isvisible='true' type='org.eclipse.swt.widgets.Label' window=':Select interpreter_Shell'}
:Select interpreter.Interpreter Name: _Text	{isvisible='true' leftWidget=':Select interpreter.Interpreter Name: _Label' type='org.eclipse.swt.widgets.Text' window=':Select interpreter_Shell'}
:Select interpreter.OK_Button	{caption='OK' isvisible='true' type='org.eclipse.swt.widgets.Button' window=':Select interpreter_Shell'}
:Select interpreter_Shell	{caption='Select interpreter' isvisible='true' type='org.eclipse.swt.widgets.Shell'}
:Selection needed.OK_Button	{caption='OK' isvisible='true' type='org.eclipse.swt.widgets.Button' window=':Selection needed_Shell'}
:Selection needed_Shell	{caption='Selection needed' isvisible='true' type='org.eclipse.swt.widgets.Shell'}
:Show Plot View_Menu	{caption='Show Plot View' container=':_Menu' menuStyle='SWT.DROP_DOWN' type='org.eclipse.swt.widgets.Menu'}
:Show View.OK_Button	{caption='OK' isvisible='true' type='org.eclipse.swt.widgets.Button' window=':Show View_Shell'}
:Show View_Menu	{caption='Show View' container=':_Menu' menuStyle='SWT.DROP_DOWN' type='org.eclipse.swt.widgets.Menu'}
:Show View_Shell	{caption='Show View' isvisible='true' type='org.eclipse.swt.widgets.Shell'}
:Show View_Text	{isvisible='true' type='org.eclipse.swt.widgets.Text' window=':Show View_Shell'}
:Show View_Tree	{isvisible='true' type='org.eclipse.swt.widgets.Tree' window=':Show View_Shell'}
:Tree_Tree	{container=':i22-4996.nxs.Tree_CTabItem' isvisible='true' type='org.eclipse.swt.widgets.Tree'}
:Variables_CTabItem	{caption='Variables' type='org.eclipse.swt.custom.CTabItem' window=':Workbench Window'}
:Variables_Tree	{container=':Variables_CTabItem' isvisible='true' type='org.eclipse.swt.widgets.Tree'}
:View Menu_ToolItem	{caption='View Menu' container=':_ToolBar_3' type='org.eclipse.swt.widgets.ToolItem'}
:Virtual_TreeItem	{caption='Virtual' container=':Project Explorer_Tree' type='org.eclipse.swt.widgets.TreeItem'}
:Welcome_CTabCloseBox	{container=':Welcome_CTabItem' type='com.froglogic.squish.swt.CTabCloseBox'}
:Welcome_CTabItem	{caption='Welcome' type='org.eclipse.swt.custom.CTabItem' window=':Workbench Window'}
:Window_Menu	{caption='Window' container=':_Menu' menuStyle='SWT.DROP_DOWN' type='org.eclipse.swt.widgets.Menu'}
:WizardDialog_Shell	{data?='org.eclipse.jface.wizard.WizardDialog@*' isvisible='true' type='org.eclipse.swt.widgets.Shell'}
:Workbench Window	{data?='org.eclipse.ui.internal.WorkbenchWindow*' isvisible='true' type='org.eclipse.swt.widgets.Shell'}
:Workspace Launcher.OK_Button	{caption='OK' isvisible='true' type='org.eclipse.swt.widgets.Button' window=':Workspace Launcher_Shell'}
:Workspace Launcher.Workspace:_Combo	{isvisible='true' leftWidget=':Workspace Launcher.Workspace:_Label' type='org.eclipse.swt.widgets.Combo' window=':Workspace Launcher_Shell'}
:Workspace Launcher.Workspace:_Label	{caption='Workspace:' isvisible='true' type='org.eclipse.swt.widgets.Label' window=':Workspace Launcher_Shell'}
:Workspace Launcher_Shell	{caption='Workspace Launcher' isvisible='true' type='org.eclipse.swt.widgets.Shell'}
:_CBanner	{isvisible='true' type='org.eclipse.swt.custom.CBanner' window=':Workbench Window'}
:_CTabFolder	{firstTabCaption='Console' isvisible='true' type='org.eclipse.swt.custom.CTabFolder' window=':Workbench Window'}
:_CTabFolder_2	{firstTabCaption='Data' isvisible='true' type='org.eclipse.swt.custom.CTabFolder' window=':Workbench Window'}
:_CTabFolder_3	{firstTabCaption='Project Explorer' isvisible='true' type='org.eclipse.swt.custom.CTabFolder' window=':Workbench Window'}
:_CTabFolder_4	{firstTabCaption='Plot 1' isvisible='true' type='org.eclipse.swt.custom.CTabFolder' window=':Workbench Window'}
:_CTabFolder_5	{firstTabCaption='Meta Data' isvisible='true' type='org.eclipse.swt.custom.CTabFolder' window=':Workbench Window'}
:_FigureCanvas	{isvisible='true' occurrence='1' type='org.eclipse.draw2d.FigureCanvas' window=':Workbench Window'}
:_List	{isvisible='true' type='org.eclipse.swt.widgets.List' window=':_Shell'}
:_Menu	{menuStyle='SWT.BAR' type='org.eclipse.swt.widgets.Menu' window=':Workbench Window'}
:_Sash	{isvisible='true' occurrence='1' type='org.eclipse.swt.widgets.Sash' window=':Workbench Window'}
:_Sash_2	{isvisible='true' occurrence='2' type='org.eclipse.swt.widgets.Sash' window=':Workbench Window'}
:_Sash_3	{isvisible='true' occurrence='3' type='org.eclipse.swt.widgets.Sash' window=':Workbench Window'}
:_Sash_4	{isvisible='true' type='org.eclipse.swt.widgets.Sash' window=':Workbench Window'}
:_Shell	{caption='' isvisible='true' type='org.eclipse.swt.widgets.Shell'}
:_Slider	{isvisible='true' occurrence='1' type='org.eclipse.swt.widgets.Slider' window=':Workbench Window'}
:_Slider_2	{isvisible='true' type='org.eclipse.swt.widgets.Slider' window=':Workbench Window'}
:_Spinner	{isvisible='true' occurrence='2' type='org.eclipse.swt.widgets.Spinner' window=':Workbench Window'}
:_ToolBar	{container=':_CTabFolder' firstItemText~='(Pin Console|Terminate current console|Clear Console)' isvisible='true' type='org.eclipse.swt.widgets.ToolBar'}
:_ToolBar_2	{container=':_CTabFolder_2' firstItemText='Export Log' isvisible='true' type='org.eclipse.swt.widgets.ToolBar'}
:_ToolBar_3	{container=':_CTabFolder_3' firstItemText='View Menu' isvisible='true' type='org.eclipse.swt.widgets.ToolBar'}
:_ToolBar_4	{firstItemText='Data Brow...' isvisible='true' type='org.eclipse.swt.widgets.ToolBar' window=':Workbench Window'}
:_ToolItem	{caption='' container=':Image_ToolBar_2' type='org.eclipse.swt.widgets.ToolItem'}
:_Twistie	{isvisible='true' type='org.eclipse.ui.forms.widgets.Twistie' window=':Workbench Window'}
:align_CTabCloseBox	{container=':align_CTabItem' type='com.froglogic.squish.swt.CTabCloseBox'}
:align_CTabItem	{caption='align' type='org.eclipse.swt.custom.CTabItem' window=':Workbench Window'}
:i22-4996.nxs.Tree_CTabItem	{caption='Tree' container=':i22-4996.nxs_CTabItem' type='org.eclipse.swt.custom.CTabItem'}
:i22-4996.nxs_CTabItem	{caption='i22-4996.nxs' type='org.eclipse.swt.custom.CTabItem' window=':Workbench Window'}
:myvar_TreeItem	{caption='myvar' container=':Variables_Tree' type='org.eclipse.swt.widgets.TreeItem'}
:pilatus300k.edf.Image_CTabItem	{caption='Image' container=':pilatus300k.edf_CTabItem' type='org.eclipse.swt.custom.CTabItem'}
:pilatus300k.edf.Info_CTabItem	{caption='Info' container=':pilatus300k.edf_CTabItem' type='org.eclipse.swt.custom.CTabItem'}
:pilatus300k.edf_CTabItem	{caption='pilatus300k.edf' type='org.eclipse.swt.custom.CTabItem' window=':Workbench Window'}
