:*Untitled 1_CTabItem	{caption='*Untitled 1' type='org.eclipse.swt.custom.CTabItem' window=':Workbench Window'}
:*Untitled 1_StyledText	{container=':*Untitled 1_CTabItem' isvisible='true' type='org.eclipse.swt.custom.StyledText'}
:5.tif_CTabCloseBox	{container=':5.tif_CTabItem' type='com.froglogic.squish.swt.CTabCloseBox'}
:5.tif_CTabItem	{caption='5.tif' type='org.eclipse.swt.custom.CTabItem' window=':Workbench Window'}
:8918.nxs_CTabItem	{caption='8918.nxs' type='org.eclipse.swt.custom.CTabItem' window=':Workbench Window'}
:9758.nxs.Plot_CTabItem	{caption='Plot' container=':9758.nxs_CTabItem' type='org.eclipse.swt.custom.CTabItem'}
:9758.nxs_CTabItem	{caption='9758.nxs' type='org.eclipse.swt.custom.CTabItem' window=':Workbench Window'}
:9758_Box_Profile_reduction.h5.Plot_CTabItem	{caption='Plot' container=':9758_Box_Profile_reduction.h5_CTabItem' type='org.eclipse.swt.custom.CTabItem'}
:9758_Box_Profile_reduction.h5_CTabItem	{caption='9758_Box_Profile_reduction.h5' type='org.eclipse.swt.custom.CTabItem' window=':Workbench Window'}
:9758_Peak_Fitting_reduction.h5.Plot_CTabItem	{caption='Plot' container=':9758_Peak_Fitting_reduction.h5_CTabItem' type='org.eclipse.swt.custom.CTabItem'}
:9758_Peak_Fitting_reduction.h5_CTabItem	{caption='9758_Peak_Fitting_reduction.h5' type='org.eclipse.swt.custom.CTabItem' window=':Workbench Window'}
:Actor Attributes_CTabItem	{caption='Actor Attributes' type='org.eclipse.swt.custom.CTabItem' window=':Workbench Window'}
:Actor Attributes_StyledText	{container=':Actor Attributes_CTabItem' isvisible='true' type='org.eclipse.swt.custom.StyledText'}
:Actor Attributes_Table	{container=':Actor Attributes_CTabItem' isvisible='true' type='org.eclipse.swt.widgets.Table'}
:Actor Attributes_Text	{container=':Actor Attributes_CTabItem' isvisible='true' type='org.eclipse.swt.widgets.Text'}
:Algorithm Controls.Smoothing_Label	{caption='Smoothing' container=':Preferences.Algorithm Controls_Group' isvisible='true' type='org.eclipse.swt.widgets.Label'}
:Algorithm Controls.Smoothing_Spinner	{container=':Preferences.Algorithm Controls_Group' isvisible='true' leftWidget=':Algorithm Controls.Smoothing_Label' type='org.eclipse.swt.widgets.Spinner'}
:Axes.Change Settings_Group	{caption='Change Settings' container=':Configure Graph Settings.Axes_TabItem' isvisible='true' type='org.eclipse.swt.widgets.Group'}
:Axes.Select Axis_Group	{caption='Select Axis' container=':Configure Graph Settings.Axes_TabItem' isvisible='true' type='org.eclipse.swt.widgets.Group'}
:Plotting Systems_CTabItem	{caption='Plotting Systems' type='org.eclipse.swt.custom.CTabItem' window=':Workbench Window'}
:Plotting Systems.Refresh_RefreshButton	{caption='Refresh' container=':Plotting Systems_CTabItem' isvisible='true' type='org.dawnsci.plotting.api.views.RefreshButton'}
:Plotting Systems_Table	{container=':Plotting Systems_CTabItem' isvisible='true' type='org.eclipse.swt.widgets.Table'}
:Change Settings.Log_Button	{caption='Log' container=':Axes.Change Settings_Group' isvisible='true' type='org.eclipse.swt.widgets.Button'}
:Change Settings.Title: _Label	{caption='Title: ' container=':Axes.Change Settings_Group' isvisible='true' type='org.eclipse.swt.widgets.Label'}
:Change Settings.Title: _Text	{container=':Axes.Change Settings_Group' isvisible='true' leftWidget=':Change Settings.Title: _Label' type='org.eclipse.swt.widgets.Text'}
:Clear Console_ToolItem	{caption='Clear Console' container=':_ToolBar' type='org.eclipse.swt.widgets.ToolItem'}
:Close wizard automatically on successful installation._Button	{caption='Close wizard automatically on successful installation.' isvisible='true' type='org.eclipse.swt.widgets.Button' window=':WizardDialog_Shell'}
:Configure Graph Settings.Apply_Button	{caption='Apply' isvisible='true' type='org.eclipse.swt.widgets.Button' window=':Configure Graph Settings_Shell'}
:Configure Graph Settings.Axes_TabItem	{caption='Axes' type='org.eclipse.swt.widgets.TabItem' window=':Configure Graph Settings_Shell'}
:Configure Graph Settings.Cancel_Button	{caption='Cancel' isvisible='true' type='org.eclipse.swt.widgets.Button' window=':Configure Graph Settings_Shell'}
:Configure Graph Settings.OK_Button	{caption='OK' isvisible='true' type='org.eclipse.swt.widgets.Button' window=':Configure Graph Settings_Shell'}
:Configure Graph Settings_Shell	{caption='Configure Graph Settings' isvisible='true' type='org.eclipse.swt.widgets.Shell'}
:Configure Settings..._ToolItem	{caption='Configure Settings...' container=':Image_ToolBar' type='org.eclipse.swt.widgets.ToolItem'}
:Configure Settings..._ToolItem_2	{caption='Configure Settings...' container=':Plot_ToolBar' type='org.eclipse.swt.widgets.ToolItem'}
:Confirm Delete.OK_Button	{caption='OK' isvisible='true' type='org.eclipse.swt.widgets.Button' window=':Confirm Delete_Shell'}
:Confirm Delete_Shell	{caption='Confirm Delete' isvisible='true' type='org.eclipse.swt.widgets.Shell'}
:Confirm Exit.OK_Button	{caption='OK' isvisible='true' type='org.eclipse.swt.widgets.Button' window=':Confirm Exit_Shell'}
:Confirm Exit_Shell	{caption='Confirm Exit' isvisible='true' type='org.eclipse.swt.widgets.Shell'}
:Console_CTabItem	{caption='Console' type='org.eclipse.swt.custom.CTabItem' window=':Workbench Window'}
:Continue_ToolItem	{caption='Continue' container=':_ToolBar_7' type='org.eclipse.swt.widgets.ToolItem'}
:Create new profile._ToolItem	{caption='Create new profile' container=':_ToolBar_4' type='org.eclipse.swt.widgets.ToolItem'}
:Data reduction..._ToolItem	{caption='Data reduction...' container=':Data_ToolBar' type='org.eclipse.swt.widgets.ToolItem'}
:Data_CTabItem	{caption='Data' occurrence='2' type='org.eclipse.swt.custom.CTabItem' window=':Workbench Window'}
:Data_CTabItem_2	{caption='Data' type='org.eclipse.swt.custom.CTabItem' window=':Workbench Window'}
:Data_CTabItem_3	{caption='Data' occurrence='1' type='org.eclipse.swt.custom.CTabItem' window=':Workbench Window'}
:Data_Scale	{container=':Data_CTabItem_2' isvisible='true' type='org.eclipse.swt.widgets.Scale'}
:Data_Scale_2	{container=':Data_CTabItem' isvisible='true' type='org.eclipse.swt.widgets.Scale'}
:Data_Table	{container=':Data_CTabItem' isvisible='true' type='org.eclipse.swt.widgets.Table'}
:Data_Table_2	{container=':Data_CTabItem_2' isvisible='true' type='org.eclipse.swt.widgets.Table'}
:Data_Table_3	{container=':Data_CTabItem_2' isvisible='true' occurrence='1' type='org.eclipse.swt.widgets.Table'}
:Data_Table_4	{container=':Data_CTabItem' isvisible='true' occurrence='1' type='org.eclipse.swt.widgets.Table'}
:Data_Table_5	{container=':Data_CTabItem_3' isvisible='true' type='org.eclipse.swt.widgets.Table'}
:Data_ToolBar	{container=':Data_CTabItem_2' firstItemText='Slice as line plots' isvisible='true' type='org.eclipse.swt.widgets.ToolBar'}
:Data_ToolBar_2	{container=':Data_CTabItem' firstItemText='Slice as line plots' isvisible='true' type='org.eclipse.swt.widgets.ToolBar'}
:Data_Tree	{container=':Data_CTabItem' isvisible='true' type='org.eclipse.swt.widgets.Tree'}
:Debug Actor_CTabItem	{caption='Debug Actor' type='org.eclipse.swt.custom.CTabItem' window=':Workbench Window'}
:Debug_TableCell	{caption='Debug' column='0' container=':Open Perspective_Table' type='com.froglogic.squish.swt.TableCell'}
:Delete Log_ToolItem	{caption='Delete Log' container=':_ToolBar_2' type='org.eclipse.swt.widgets.ToolItem'}
:Enthought EPD Free Installer_Label	{caption='Enthought EPD Free Installer' isvisible='true' type='org.eclipse.swt.widgets.Label' window=':WizardDialog_Shell'}
:Environment.New..._Button	{caption='New...' container=':Preferences.Environment_TabItem' isvisible='true' type='org.eclipse.swt.widgets.Button'}
:Error Log_CTabItem	{caption='Error Log' type='org.eclipse.swt.custom.CTabItem' window=':Workbench Window'}
:Error Log_Text	{container=':Error Log_CTabItem' isvisible='true' type='org.eclipse.swt.widgets.Text'}
:Error Log_Tree	{container=':Error Log_CTabItem' isvisible='true' type='org.eclipse.swt.widgets.Tree'}
:Error Message.OK_Button	{caption='OK' isvisible='true' type='org.eclipse.swt.widgets.Button' window=':Error Message_Shell'}
:Error Message_Shell	{caption='Error Message' isvisible='true' type='org.eclipse.swt.widgets.Shell'}
:File_Menu	{caption='File' container=':_Menu' menuStyle='SWT.DROP_DOWN' type='org.eclipse.swt.widgets.Menu'}
:Finish_Button	{caption='Finish' isvisible='true' type='org.eclipse.swt.widgets.Button' window=':WizardDialog_Shell'}
:Finish_Button_2	{caption='Finish' isvisible='true' type='org.eclipse.swt.widgets.Button' window=':_Shell'}
:I accept the terms of the license agreement_Button	{caption='I accept the terms of the license agreement' isvisible='true' type='org.eclipse.swt.widgets.Button' window=':WizardDialog_Shell'}
:Image Gallery_CTabCloseBox	{container=':Image Gallery_CTabItem' type='com.froglogic.squish.swt.CTabCloseBox'}
:Image Gallery_CTabItem	{caption='Image Gallery' type='org.eclipse.swt.custom.CTabItem' window=':Workbench Window'}
:Image Gallery_Gallery	{container=':Image Gallery_CTabItem' isvisible='true' type='org.eclipse.nebula.widgets.gallery.Gallery'}
:Image tools used to profile and inspect images._ToolItem	{caption='Image tools used to profile and inspect images.' container=':Image_ToolBar_2' type='org.eclipse.swt.widgets.ToolItem'}
:Image tools used to profile and inspect images._ToolItem_2	{caption='Image tools used to profile and inspect images.' container=':Plot_ToolBar_2' type='org.eclipse.swt.widgets.ToolItem'}
:Image tools used to profile and inspect images._ToolItem_3	{caption='Image tools used to profile and inspect images.' container=':Image_ToolBar' type='org.eclipse.swt.widgets.ToolItem'}
:Image_ToolBar	{container=':ref-testscale_1_002.img.Image_CTabItem' firstItemText='Configure Settings...' isvisible='true' type='org.eclipse.swt.widgets.ToolBar'}
:Image_ToolBar_2	{container=':ref-testscale_1_001.img.Image_CTabItem' firstItemText='Configure Settings...' isvisible='true' type='org.eclipse.swt.widgets.ToolBar'}
:Images Monitor_CTabItem	{caption='Images Monitor' type='org.eclipse.swt.custom.CTabItem' window=':Workbench Window'}
:Images Monitor_Gallery	{container=':Images Monitor_CTabItem' isvisible='true' type='org.eclipse.nebula.widgets.gallery.Gallery'}
:Install to:_Label	{caption='Install to:' isvisible='true' type='org.eclipse.swt.widgets.Label' window=':WizardDialog_Shell'}
:Install to:_Text	{isvisible='true' leftWidget=':Install to:_Label' type='org.eclipse.swt.widgets.Text' window=':WizardDialog_Shell'}
:Internal Error.OK_Button	{caption='OK' isvisible='true' type='org.eclipse.swt.widgets.Button' window=':Internal Error_Shell'}
:Internal Error_Shell	{caption='Internal Error' isvisible='true' type='org.eclipse.swt.widgets.Shell'}
:Jython console_Button	{caption='Jython console' isvisible='true' type='org.eclipse.swt.widgets.Button' window=':_Shell'}
:Keep aspect ratio_ToolItem	{caption='Keep aspect ratio' container=':Plot_ToolBar_2' type='org.eclipse.swt.widgets.ToolItem'}
:Line Profile_CTabItem	{caption='Line Profile' type='org.eclipse.swt.custom.CTabItem' window=':Workbench Window'}
:ListDialog_Shell	{data?='org.eclipse.ui.dialogs.ListDialog*' isvisible='true' type='org.eclipse.swt.widgets.Shell'}
:Meta Data_CTabItem	{caption='Meta Data' type='org.eclipse.swt.custom.CTabItem' window=':Workbench Window'}
:MoKedge_1_15.dat_CTabItem	{caption='MoKedge_1_15.dat' type='org.eclipse.swt.custom.CTabItem' window=':Workbench Window'}
:MoKedge_1_151.h5_CTabItem	{caption='MoKedge_1_151.h5' type='org.eclipse.swt.custom.CTabItem' window=':Workbench Window'}
:New Environment Variable.Name:_Label	{caption='Name:' isvisible='true' type='org.eclipse.swt.widgets.Label' window=':New Environment Variable_Shell'}
:New Environment Variable.Name:_Text	{isvisible='true' leftWidget=':New Environment Variable.Name:_Label' type='org.eclipse.swt.widgets.Text' window=':New Environment Variable_Shell'}
:New Environment Variable.OK_Button	{caption='OK' isvisible='true' type='org.eclipse.swt.widgets.Button' window=':New Environment Variable_Shell'}
:New Environment Variable.Variables..._Button	{caption='Variables...' isvisible='true' type='org.eclipse.swt.widgets.Button' window=':New Environment Variable_Shell'}
:New Environment Variable_Shell	{caption='New Environment Variable' isvisible='true' type='org.eclipse.swt.widgets.Shell'}
:New Environment Variable_Text	{isvisible='true' occurrence='1' type='org.eclipse.swt.widgets.Text' window=':New Environment Variable_Shell'}
:New_Menu	{caption='New' container=':Project Explorer_Tree_2' menuStyle='SWT.DROP_DOWN' type='org.eclipse.swt.widgets.Menu'}
:New_Menu_2	{caption='New' container=':_Menu' menuStyle='SWT.DROP_DOWN' type='org.eclipse.swt.widgets.Menu'}
:Next >_Button	{caption='Next >' isvisible='true' type='org.eclipse.swt.widgets.Button' window=':WizardDialog_Shell'}
:Number peaks to fit_ToolItem	{caption='Number peaks to fit' container=':_ToolBar_5' type='org.eclipse.swt.widgets.ToolItem'}
:OK_Button	{caption='OK' isvisible='true' type='org.eclipse.swt.widgets.Button' window=':_Shell'}
:Open Console_ToolItem	{caption='Open Console' container=':_ToolBar' type='org.eclipse.swt.widgets.ToolItem'}
:Open Perspective.OK_Button	{caption='OK' isvisible='true' type='org.eclipse.swt.widgets.Button' window=':Open Perspective_Shell'}
:Open Perspective_Menu	{caption='Open Perspective' container=':_Menu' menuStyle='SWT.DROP_DOWN' type='org.eclipse.swt.widgets.Menu'}
:Open Perspective_Shell	{caption='Open Perspective' isvisible='true' type='org.eclipse.swt.widgets.Shell'}
:Open Perspective_Table	{isvisible='true' type='org.eclipse.swt.widgets.Table' window=':Open Perspective_Shell'}
:Overwrite file if it exists._Button	{caption='Overwrite file if it exists.' isvisible='true' type='org.eclipse.swt.widgets.Button' window=':WizardDialog_Shell'}
:Peak Fitting_CTabItem	{caption='Peak Fitting' type='org.eclipse.swt.custom.CTabItem' window=':Workbench Window'}
:Peak Fitting_Link	{container=':Peak Fitting_CTabItem' isvisible='true' type='org.eclipse.swt.widgets.Link'}
:Peak Fitting_Table	{container=':Peak Fitting_CTabItem' isvisible='true' type='org.eclipse.swt.widgets.Table'}
:Pin Console_ToolItem	{caption='Pin Console' container=':_ToolBar' type='org.eclipse.swt.widgets.ToolItem'}
:Plot data as separate plots_ToolItem	{caption='Plot data as separate plots' container=':Plot_ToolBar_3' type='org.eclipse.swt.widgets.ToolItem'}
:Plot_ToolBar	{container=':metalmix.mca.Plot_CTabItem' firstItemText='Configure Settings...' isvisible='true' type='org.eclipse.swt.widgets.ToolBar'}
:Plot_ToolBar_2	{container=':9758.nxs.Plot_CTabItem' firstItemText='Configure Settings...' isvisible='true' type='org.eclipse.swt.widgets.ToolBar'}
:Plot_ToolBar_3	{container=':9758_Peak_Fitting_reduction.h5.Plot_CTabItem' firstItemText='Configure Settings...' isvisible='true' type='org.eclipse.swt.widgets.ToolBar'}
:Plot_ToolBar_4	{container=':9758_Box_Profile_reduction.h5.Plot_CTabItem' firstItemText='Configure Settings...' isvisible='true' type='org.eclipse.swt.widgets.ToolBar'}
:Polynomial order to fit_ToolItem	{caption='Polynomial order to fit' container=':_ToolBar_5' type='org.eclipse.swt.widgets.ToolItem'}
:Pop Up Menu	{menuStyle='SWT.POP_UP' type='org.eclipse.swt.widgets.Menu' window=':Workbench Window'}
:Preferences.Algorithm Controls_Group	{caption='Algorithm Controls' isvisible='true' type='org.eclipse.swt.widgets.Group' window=':Preferences_Shell'}
:Preferences.Apply_Button	{caption='Apply' isvisible='true' type='org.eclipse.swt.widgets.Button' window=':Preferences_Shell'}
:Preferences.Auto Config_Button	{caption='Auto Config' isvisible='true' type='org.eclipse.swt.widgets.Button' window=':Preferences_Shell'}
:Preferences.Cancel_Button	{caption='Cancel' isvisible='true' type='org.eclipse.swt.widgets.Button' window=':Preferences_Shell'}
:Preferences.Connect console to Variables Debug View?_Button	{caption='' isvisible='true' leftWidget=':Preferences.Connect console to Variables Debug View?_Label' type='org.eclipse.swt.widgets.Button' window=':Preferences_Shell'}
:Preferences.Connect console to Variables Debug View?_Label	{caption='Connect console to Variables Debug View?' isvisible='true' type='org.eclipse.swt.widgets.Label' window=':Preferences_Shell'}
:Preferences.Environment_TabItem	{caption='Environment' type='org.eclipse.swt.widgets.TabItem' window=':Preferences_Shell'}
:Preferences.New..._Button	{caption='New...' isvisible='true' type='org.eclipse.swt.widgets.Button' window=':Preferences_Shell'}
:Preferences.OK_Button	{caption='OK' isvisible='true' type='org.eclipse.swt.widgets.Button' window=':Preferences_Shell'}
:Preferences.Python interpreters (e.g.: python.exe)_Label	{caption='Python interpreters (e.g.: python.exe)' isvisible='true' type='org.eclipse.swt.widgets.Label' window=':Preferences_Shell'}
:Preferences.Python interpreters (e.g.: python.exe)_Tree	{aboveWidget=':Preferences.Python interpreters (e.g.: python.exe)_Label' isvisible='true' type='org.eclipse.swt.widgets.Tree' window=':Preferences_Shell'}
:Preferences_Composite	{isvisible='true' occurrence='17' type='org.eclipse.swt.widgets.Composite' window=':Preferences_Shell'}
:Preferences_Shell	{caption='Preferences' isvisible='true' type='org.eclipse.swt.widgets.Shell'}
:Preferences_Shell_2	{caption='Preferences' isvisible='false' type='org.eclipse.swt.widgets.Shell'}
:Preferences_Tree	{isvisible='true' type='org.eclipse.swt.widgets.Tree' window=':Preferences_Shell'}
:Preferences_Tree_2	{isvisible='false' type='org.eclipse.swt.widgets.Tree' window=':Preferences_Shell_2'}
:Project Explorer_CTabItem	{caption='Project Explorer' occurrence='1' type='org.eclipse.swt.custom.CTabItem' window=':Workbench Window'}
:Project Explorer_Tree	{container=':Resource - .Project Explorer_CTabItem' isvisible='true' type='org.eclipse.swt.widgets.Tree'}
:Project Explorer_Tree_2	{container=':Project Explorer_CTabItem' isvisible='true' type='org.eclipse.swt.widgets.Tree'}
:Project name:_Label	{caption='Project name:' isvisible='true' type='org.eclipse.swt.widgets.Label' window=':_Shell'}
:Project name:_Text	{isvisible='true' leftWidget=':Project name:_Label' type='org.eclipse.swt.widgets.Text' window=':_Shell'}
:PyDev Console	{container=':Console_CTabItem' isvisible='true' type='org.python.pydev.dltk.console.ui.internal.ScriptConsoleViewer$ScriptConsoleStyledText'}
:Python console_Button	{caption='Python console' isvisible='true' type='org.eclipse.swt.widgets.Button' window=':_Shell'}
:Python interpreters (e.g.: python.exe).EPD Free Python_TreeItem	{caption='EPD Free Python' container=':Preferences.Python interpreters (e.g.: python.exe)_Tree' type='org.eclipse.swt.widgets.TreeItem'}
:Python_TableCell	{caption='Python' column='0' container=':Open Perspective_Table' type='com.froglogic.squish.swt.TableCell'}
:Resource - .Project Explorer_CTabItem	{caption='Project Explorer' type='org.eclipse.swt.custom.CTabItem' window=':Workbench Window'}
:Review.Continue_Button	{caption='Continue' isvisible='true' type='org.eclipse.swt.widgets.Button' window=':Review_Shell'}
:Review_Shell	{caption='Review' isvisible='true' type='org.eclipse.swt.widgets.Shell'}
:Review_StyledText	{isvisible='true' type='org.eclipse.swt.custom.StyledText' window=':Review_Shell'}
:Review_Table	{isvisible='true' type='org.eclipse.swt.widgets.Table' window=':Review_Shell'}
:Run the workflow from start to end until finished._ToolItem	{caption='Run the workflow from start to end until finished.' container=':_ToolBar_6' type='org.eclipse.swt.widgets.ToolItem'}
:SWT	SWT
:Save (Ctrl+S)_ToolItem	{caption='Save (Ctrl+S)' container=':_ToolBar_8' type='org.eclipse.swt.widgets.ToolItem'}
:Save Resource.Yes_Button	{caption='Yes' isvisible='true' type='org.eclipse.swt.widgets.Button' window=':Save Resource_Shell'}
:Save Resource_Shell	{caption='Save Resource' isvisible='true' type='org.eclipse.swt.widgets.Shell'}
:Select Axis_Combo	{container=':Axes.Select Axis_Group' isvisible='true' type='org.eclipse.swt.widgets.Combo'}
:Select Interpreter Available_Caption	{caption?='Multiple possible interpreters are available*' isvisible='true' type='org.eclipse.swt.widgets.Label' window=':ListDialog_Shell'}
:Select Interpreter Available_OK_Button	{caption='OK' isvisible='true' type='org.eclipse.swt.widgets.Button' window=':ListDialog_Shell'}
:Select Interpreter Available_Table	{aboveWidget=':Select Interpreter Available_Caption' isvisible='true' type='org.eclipse.swt.widgets.Table' window=':ListDialog_Shell'}
:Select Variable_Shell	{caption='Select Variable' isvisible='true' type='org.eclipse.swt.widgets.Shell'}
:Select interpreter Error Message_Text	{isvisible='true' occurrence='2' type='org.eclipse.swt.widgets.Text' window=':Select interpreter_Shell'}
:Select interpreter.Browse..._Button	{caption='Browse...' isvisible='true' type='org.eclipse.swt.widgets.Button' window=':Select interpreter_Shell'}
:Select interpreter.Cancel_Button	{caption='Cancel' isvisible='true' type='org.eclipse.swt.widgets.Button' window=':Select interpreter_Shell'}
:Select interpreter.Interpreter Executable: _Label	{caption='Interpreter Executable: ' isvisible='true' type='org.eclipse.swt.widgets.Label' window=':Select interpreter_Shell'}
:Select interpreter.Interpreter Executable: _Text	{isvisible='true' leftWidget=':Select interpreter.Interpreter Executable: _Label' type='org.eclipse.swt.widgets.Text' window=':Select interpreter_Shell'}
:Select interpreter.Interpreter Name: _Label	{caption='Interpreter Name: ' isvisible='true' type='org.eclipse.swt.widgets.Label' window=':Select interpreter_Shell'}
:Select interpreter.Interpreter Name: _Text	{isvisible='true' leftWidget=':Select interpreter.Interpreter Name: _Label' type='org.eclipse.swt.widgets.Text' window=':Select interpreter_Shell'}
:Select interpreter.OK_Button	{caption='OK' isvisible='true' type='org.eclipse.swt.widgets.Button' window=':Select interpreter_Shell'}
:Select interpreter_Shell	{caption='Select interpreter' isvisible='true' type='org.eclipse.swt.widgets.Shell'}
:Selection needed.OK_Button	{caption='OK' isvisible='true' type='org.eclipse.swt.widgets.Button' window=':Selection needed_Shell'}
:Selection needed_Shell	{caption='Selection needed' isvisible='true' type='org.eclipse.swt.widgets.Shell'}
:Set Values.Continue_Button	{caption='Continue' isvisible='true' type='org.eclipse.swt.widgets.Button' window=':Set Values_Shell'}
:Set Values_Combo	{isvisible='true' type='org.eclipse.swt.widgets.Combo' window=':Set Values_Shell'}
:Set Values_Shell	{caption='Set Values' isvisible='true' type='org.eclipse.swt.widgets.Shell'}
:Set Values_Spinner	{isvisible='true' type='org.eclipse.swt.widgets.Spinner' window=':Set Values_Shell'}
:Set Values_StyledText	{isvisible='true' type='org.eclipse.swt.custom.StyledText' window=':Set Values_Shell'}
:Set Values_Table	{isvisible='true' type='org.eclipse.swt.widgets.Table' window=':Set Values_Shell'}
:Set Values_Text	{isvisible='true' type='org.eclipse.swt.widgets.Text' window=':Set Values_Shell'}
:Show Plot View_Menu	{caption='Show Plot View' container=':_Menu' menuStyle='SWT.DROP_DOWN' type='org.eclipse.swt.widgets.Menu'}
:Show View.OK_Button	{caption='OK' isvisible='true' type='org.eclipse.swt.widgets.Button' window=':Show View_Shell'}
:Show View_Menu	{caption='Show View' container=':_Menu' menuStyle='SWT.DROP_DOWN' type='org.eclipse.swt.widgets.Menu'}
:Show View_Shell	{caption='Show View' isvisible='true' type='org.eclipse.swt.widgets.Shell'}
:Show View_Text	{isvisible='true' type='org.eclipse.swt.widgets.Text' window=':Show View_Shell'}
:Show View_Tree	{isvisible='true' type='org.eclipse.swt.widgets.Tree' window=':Show View_Shell'}
:Slice as line plots_ToolItem	{caption='Slice as line plots' container=':Data_ToolBar' type='org.eclipse.swt.widgets.ToolItem'}
:Slice as line plots_ToolItem_2	{caption='Slice as line plots' container=':Data_ToolBar_2' type='org.eclipse.swt.widgets.ToolItem'}
:TomographyDataSet.hdf5_CTabItem	{caption='TomographyDataSet.hdf5' type='org.eclipse.swt.custom.CTabItem' window=':Workbench Window'}
:Tree_Tree	{container=':new_data_file1.h5.Tree_CTabItem' isvisible='true' type='org.eclipse.swt.widgets.Tree'}
:Unable to auto-configure..OK_Button	{caption='OK' isvisible='true' type='org.eclipse.swt.widgets.Button' window=':Unable to auto-configure._Shell'}
:Unable to auto-configure._Shell	{caption='Unable to auto-configure.' isvisible='true' type='org.eclipse.swt.widgets.Shell'}
:Value_CTabItem	{caption='Value' occurrence='1' type='org.eclipse.swt.custom.CTabItem' window=':Workbench Window'}
:Value_StyledText	{container=':Value_CTabItem' isvisible='true' type='org.eclipse.swt.custom.StyledText'}
:Variables_CTabItem	{caption='Variables' type='org.eclipse.swt.custom.CTabItem' window=':Workbench Window'}
:Variables_Tree	{container=':Variables_CTabItem' isvisible='true' type='org.eclipse.swt.widgets.Tree'}
:View Menu_ToolItem	{caption='View Menu' container=':_ToolBar_3' type='org.eclipse.swt.widgets.ToolItem'}
:Virtual_TreeItem	{caption='Virtual' container=':Project Explorer_Tree' type='org.eclipse.swt.widgets.TreeItem'}
:Warning about 'x'.OK_Button	{caption='OK' isvisible='true' type='org.eclipse.swt.widgets.Button' window=':Warning about \\'x\\'_Shell'}
:Warning about 'x'_Shell	{caption='Warning about \\'x\\'' isvisible='true' type='org.eclipse.swt.widgets.Shell'}
:Welcome_CTabCloseBox	{container=':Welcome_CTabItem' type='com.froglogic.squish.swt.CTabCloseBox'}
:Welcome_CTabItem	{caption='Welcome' type='org.eclipse.swt.custom.CTabItem' window=':Workbench Window'}
:Window_Menu	{caption='Window' container=':_Menu' menuStyle='SWT.DROP_DOWN' type='org.eclipse.swt.widgets.Menu'}
:WizardDialog_Shell	{data?='org.eclipse.jface.wizard.WizardDialog@*' isvisible='true' type='org.eclipse.swt.widgets.Shell'}
:Workbench Window	{data?='org.eclipse.ui.internal.WorkbenchWindow*' isvisible='true' type='org.eclipse.swt.widgets.Shell'}
:Workspace Launcher.OK_Button	{caption='OK' isvisible='true' type='org.eclipse.swt.widgets.Button' window=':Workspace Launcher_Shell'}
:Workspace Launcher.Use this as the default and do not ask again_Button	{caption='Use this as the default and do not ask again' isvisible='true' type='org.eclipse.swt.widgets.Button' window=':Workspace Launcher_Shell'}
:Workspace Launcher.Workspace:_Combo	{isvisible='true' leftWidget=':Workspace Launcher.Workspace:_Label' type='org.eclipse.swt.widgets.Combo' window=':Workspace Launcher_Shell'}
:Workspace Launcher.Workspace:_Label	{caption='Workspace:' isvisible='true' type='org.eclipse.swt.widgets.Label' window=':Workspace Launcher_Shell'}
:Workspace Launcher_Shell	{caption='Workspace Launcher' isvisible='true' type='org.eclipse.swt.widgets.Shell'}
:XY plotting tools_ToolItem	{caption='XY plotting tools' container=':_ToolBar_4' type='org.eclipse.swt.widgets.ToolItem'}
:XY plotting tools_ToolItem_2	{caption='XY plotting tools' container=':Plot_ToolBar_2' type='org.eclipse.swt.widgets.ToolItem'}
:XY plotting tools_ToolItem_3	{caption='XY plotting tools' container=':Plot_ToolBar_4' type='org.eclipse.swt.widgets.ToolItem'}
:Zoom In_ToolItem	{caption='Zoom In' container=':_ToolBar_4' type='org.eclipse.swt.widgets.ToolItem'}
:_ActorFigure$CompositeFigure	{backgroundcolor='Color {255, 255, 255}' enabled='true' parentitem=':_EllipseActorFigure' type='com.isencia.passerelle.workbench.model.editor.ui.figure.ActorFigure$CompositeFigure' visible='true'}
:_ActorFigure$CompositeFigure_2	{backgroundcolor='Color {255, 255, 255}' enabled='true' parentitem=':_EllipseActorFigure_2' type='com.isencia.passerelle.workbench.model.editor.ui.figure.ActorFigure$CompositeFigure' visible='true'}
:_ActorFigure$CompositeFigure_3	{backgroundcolor='Color {255, 255, 255}' enabled='true' parentitem=':_RectangularActorFigure' type='com.isencia.passerelle.workbench.model.editor.ui.figure.ActorFigure$CompositeFigure' visible='true'}
:_ActorFigure$CompositeFigure_4	{backgroundcolor='Color {255, 255, 255}' enabled='true' parentitem=':_EllipseActorFigure_3' type='com.isencia.passerelle.workbench.model.editor.ui.figure.ActorFigure$CompositeFigure' visible='true'}
:_ActorFigure$CompositeFigure_5	{backgroundcolor='Color {255, 255, 255}' enabled='true' parentitem=':_EllipseActorFigure_4' type='com.isencia.passerelle.workbench.model.editor.ui.figure.ActorFigure$CompositeFigure' visible='true'}
:_CBanner	{isvisible='true' type='org.eclipse.swt.custom.CBanner' window=':Workbench Window'}
:_CTabFolder	{firstTabCaption='Console' isvisible='true' type='org.eclipse.swt.custom.CTabFolder' window=':Workbench Window'}
:_CTabFolder_2	{firstTabCaption='Data' isvisible='true' type='org.eclipse.swt.custom.CTabFolder' window=':Workbench Window'}
:_CTabFolder_3	{firstTabCaption='Project Explorer' isvisible='true' type='org.eclipse.swt.custom.CTabFolder' window=':Workbench Window'}
:_CTabFolder_4	{firstTabCaption='Meta Data' isvisible='true' type='org.eclipse.swt.custom.CTabFolder' window=':Workbench Window'}
:_CTabFolder_5	{firstTabCaption='Value' isvisible='true' type='org.eclipse.swt.custom.CTabFolder' window=':Workbench Window'}
:_CTabFolder_6	{firstTabCaption='Actor Attributes' isvisible='true' type='org.eclipse.swt.custom.CTabFolder' window=':Workbench Window'}
:_EllipseActorFigure	{backgroundcolor='Color {255, 255, 255}' enabled='true' parentitem=':_FreeformLayer_2' tooltip='Scalar' type='com.isencia.passerelle.workbench.model.editor.ui.figure.EllipseActorFigure' visible='true'}
:_EllipseActorFigure$Body	{backgroundcolor='Color {255, 255, 255}' enabled='true' linewidth='1' parentitem=':_ActorFigure$CompositeFigure' type='com.isencia.passerelle.workbench.model.editor.ui.figure.EllipseActorFigure$Body' visible='true'}
:_EllipseActorFigure$Body_2	{backgroundcolor='Color {255, 255, 255}' enabled='true' linewidth='1' parentitem=':_ActorFigure$CompositeFigure_2' type='com.isencia.passerelle.workbench.model.editor.ui.figure.EllipseActorFigure$Body' visible='true'}
:_EllipseActorFigure$Body_3	{backgroundcolor='Color {255, 255, 255}' enabled='true' linewidth='1' parentitem=':_ActorFigure$CompositeFigure_4' type='com.isencia.passerelle.workbench.model.editor.ui.figure.EllipseActorFigure$Body' visible='true'}
:_EllipseActorFigure$Body_4	{backgroundcolor='Color {255, 255, 255}' enabled='true' linewidth='1' parentitem=':_ActorFigure$CompositeFigure_5' type='com.isencia.passerelle.workbench.model.editor.ui.figure.EllipseActorFigure$Body' visible='true'}
:_EllipseActorFigure_2	{backgroundcolor='Color {255, 255, 255}' enabled='true' parentitem=':_FreeformLayer_2' tooltip='Warning' type='com.isencia.passerelle.workbench.model.editor.ui.figure.EllipseActorFigure' visible='true'}
:_EllipseActorFigure_3	{backgroundcolor='Color {255, 255, 255}' enabled='true' parentitem=':_FreeformLayer_2' tooltip='Multiply' type='com.isencia.passerelle.workbench.model.editor.ui.figure.EllipseActorFigure' visible='true'}
:_EllipseActorFigure_4	{backgroundcolor='Color {255, 255, 255}' enabled='true' parentitem=':_FreeformLayer_2' tooltip='numpy' type='com.isencia.passerelle.workbench.model.editor.ui.figure.EllipseActorFigure' visible='true'}
:_FigureCanvas	{isvisible='true' occurrence='1' type='org.eclipse.draw2d.FigureCanvas' window=':Workbench Window'}
:_FreeformLayer	{backgroundcolor='Color {255, 255, 255}' enabled='true' parentitem=':_FreeformLayeredPane_2' type='org.eclipse.draw2d.FreeformLayer' visible='true'}
:_FreeformLayer_2	{backgroundcolor='Color {255, 255, 255}' border='MarginBorder' enabled='true' parentitem=':_FreeformLayer' type='org.eclipse.draw2d.FreeformLayer' visible='true'}
:_FreeformLayeredPane	{backgroundcolor='Color {255, 255, 255}' enabled='true' parentitem=':_FreeformViewport' type='org.eclipse.draw2d.FreeformLayeredPane' visible='true'}
:_FreeformLayeredPane_2	{backgroundcolor='Color {255, 255, 255}' enabled='true' parentitem=':_ScalableFreeformLayeredPane' type='org.eclipse.draw2d.FreeformLayeredPane' visible='true'}
:_FreeformViewport	{backgroundcolor='Color {255, 255, 255}' enabled='true' parentitem=':_LightweightSystem$RootFigure' type='org.eclipse.draw2d.FreeformViewport' visible='true'}
:_ImageFigure	{backgroundcolor='Color {255, 255, 255}' enabled='true' parentitem=':_EllipseActorFigure$Body' type='org.eclipse.draw2d.ImageFigure' visible='true'}
:_ImageFigure_2	{backgroundcolor='Color {255, 255, 255}' enabled='true' parentitem=':_EllipseActorFigure$Body_2' type='org.eclipse.draw2d.ImageFigure' visible='true'}
:_ImageFigure_3	{backgroundcolor='Color {192, 192, 192}' enabled='true' parentitem=':_RectangularActorFigure$Body' type='org.eclipse.draw2d.ImageFigure' visible='true'}
:_ImageFigure_4	{backgroundcolor='Color {255, 255, 255}' enabled='true' parentitem=':_EllipseActorFigure$Body_3' type='org.eclipse.draw2d.ImageFigure' visible='true'}
:_ImageFigure_5	{backgroundcolor='Color {255, 255, 255}' enabled='true' parentitem=':_EllipseActorFigure$Body_4' type='org.eclipse.draw2d.ImageFigure' visible='true'}
:_LightweightSystem$RootFigure	{backgroundcolor='Color {255, 255, 255}' container=':_FigureCanvas' enabled='true' type='org.eclipse.draw2d.LightweightSystem$RootFigure' visible='true'}
:_Menu	{menuStyle='SWT.BAR' type='org.eclipse.swt.widgets.Menu' window=':Workbench Window'}
:_Menu_2	{container=':Project Explorer_Tree_2' menuStyle='SWT.POP_UP' type='org.eclipse.swt.widgets.Menu'}
:_Menu_3	{container=':_FigureCanvas' menuStyle='SWT.POP_UP' type='org.eclipse.swt.widgets.Menu'}
:_RectangularActorFigure	{backgroundcolor='Color {255, 255, 255}' enabled='true' parentitem=':_FreeformLayer_2' tooltip='If' type='com.isencia.passerelle.workbench.model.editor.ui.figure.RectangularActorFigure' visible='true'}
:_RectangularActorFigure$Body	{backgroundcolor='Color {192, 192, 192}' enabled='true' linewidth='1' parentitem=':_ActorFigure$CompositeFigure_3' type='com.isencia.passerelle.workbench.model.editor.ui.figure.RectangularActorFigure$Body' visible='true'}
:_Sash	{isvisible='true' occurrence='1' type='org.eclipse.swt.widgets.Sash' window=':Workbench Window'}
:_Sash_2	{isvisible='true' occurrence='2' type='org.eclipse.swt.widgets.Sash' window=':Workbench Window'}
:_ScalableFreeformLayeredPane	{backgroundcolor='Color {255, 255, 255}' enabled='true' parentitem=':_FreeformLayeredPane' type='org.eclipse.draw2d.ScalableFreeformLayeredPane' visible='true'}
:_Shell	{caption='' isvisible='true' type='org.eclipse.swt.widgets.Shell'}
:_Text	{isvisible='true' type='org.eclipse.swt.widgets.Text' window=':WizardDialog_Shell'}
:_ToolBar	{container=':_CTabFolder' firstItemText~='(Pin Console|Terminate current console|Clear Console)' isvisible='true' type='org.eclipse.swt.widgets.ToolBar'}
:_ToolBar_2	{container=':_CTabFolder_2' firstItemText='Export Log' isvisible='true' type='org.eclipse.swt.widgets.ToolBar'}
:_ToolBar_3	{container=':_CTabFolder_3' firstItemText='View Menu' isvisible='true' type='org.eclipse.swt.widgets.ToolBar'}
:_ToolBar_4	{container=':_CTabFolder_4' firstItemText='Create new profile' isvisible='true' type='org.eclipse.swt.widgets.ToolBar'}
:_ToolBar_5	{container=':_CTabFolder_5' firstItemText='New fit selection.' isvisible='true' type='org.eclipse.swt.widgets.ToolBar'}
:_ToolBar_6	{firstItemText='Run the workflow from start to end until finished.' isvisible='true' type='org.eclipse.swt.widgets.ToolBar' window=':Workbench Window'}
:_ToolBar_7	{container=':_CTabFolder_6' firstItemText='Continue' isvisible='true' type='org.eclipse.swt.widgets.ToolBar'}
:_ToolBar_8	{firstItemText='New' isvisible='true' type='org.eclipse.swt.widgets.ToolBar' window=':Workbench Window'}
:_Tree	{isvisible='true' type='org.eclipse.swt.widgets.Tree' window=':WizardDialog_Shell'}
:directory_packing_example.moml.Edit_CTabItem	{caption='Edit' container=':directory_packing_example.moml_CTabItem' type='org.eclipse.swt.custom.CTabItem'}
:directory_packing_example.moml_CTabCloseBox	{container=':directory_packing_example.moml_CTabItem' type='com.froglogic.squish.swt.CTabCloseBox'}
:directory_packing_example.moml_CTabItem	{caption='directory_packing_example.moml' type='org.eclipse.swt.custom.CTabItem' window=':Workbench Window'}
:export.h5_CTabItem	{caption='export.h5' type='org.eclipse.swt.custom.CTabItem' window=':Workbench Window'}
:folder_example.moml.Edit_CTabItem	{caption='Edit' container=':folder_example.moml_CTabItem' type='org.eclipse.swt.custom.CTabItem'}
:folder_example.moml_CTabCloseBox	{container=':folder_example.moml_CTabItem' type='com.froglogic.squish.swt.CTabCloseBox'}
:folder_example.moml_CTabItem	{caption='folder_example.moml' type='org.eclipse.swt.custom.CTabItem' window=':Workbench Window'}
:folder_monitor_example.moml.Edit_CTabItem	{caption='Edit' container=':folder_monitor_example.moml_CTabItem' type='org.eclipse.swt.custom.CTabItem'}
:folder_monitor_example.moml_CTabCloseBox	{container=':folder_monitor_example.moml_CTabItem' type='com.froglogic.squish.swt.CTabCloseBox'}
:folder_monitor_example.moml_CTabItem	{caption='folder_monitor_example.moml' type='org.eclipse.swt.custom.CTabItem' window=':Workbench Window'}
:if_example.moml.Edit_CTabItem	{caption='Edit' container=':if_example.moml_CTabItem' type='org.eclipse.swt.custom.CTabItem'}
:if_example.moml_CTabCloseBox	{container=':if_example.moml_CTabItem' type='com.froglogic.squish.swt.CTabCloseBox'}
:if_example.moml_CTabItem	{caption='if_example.moml' type='org.eclipse.swt.custom.CTabItem' window=':Workbench Window'}
:loop_example.moml.Edit_CTabItem	{caption='Edit' container=':loop_example.moml_CTabItem' type='org.eclipse.swt.custom.CTabItem'}
:loop_example.moml_CTabCloseBox	{container=':loop_example.moml_CTabItem' type='com.froglogic.squish.swt.CTabCloseBox'}
:loop_example.moml_CTabItem	{caption='loop_example.moml' type='org.eclipse.swt.custom.CTabItem' window=':Workbench Window'}
:maths_example.moml.Edit_CTabItem	{caption='Edit' container=':maths_example.moml_CTabItem' type='org.eclipse.swt.custom.CTabItem'}
:maths_example.moml_CTabCloseBox	{container=':maths_example.moml_CTabItem' type='com.froglogic.squish.swt.CTabCloseBox'}
:maths_example.moml_CTabItem	{caption='maths_example.moml' type='org.eclipse.swt.custom.CTabItem' window=':Workbench Window'}
:maths_example2.moml.Edit_CTabItem	{caption='Edit' container=':maths_example2.moml_CTabItem' type='org.eclipse.swt.custom.CTabItem'}
:maths_example2.moml_CTabCloseBox	{container=':maths_example2.moml_CTabItem' type='com.froglogic.squish.swt.CTabCloseBox'}
:maths_example2.moml_CTabItem	{caption='maths_example2.moml' type='org.eclipse.swt.custom.CTabItem' window=':Workbench Window'}
:maths_example3.moml.Edit_CTabItem	{caption='Edit' container=':maths_example3.moml_CTabItem' type='org.eclipse.swt.custom.CTabItem'}
:maths_example3.moml_CTabCloseBox	{container=':maths_example3.moml_CTabItem' type='com.froglogic.squish.swt.CTabCloseBox'}
:maths_example3.moml_CTabItem	{caption='maths_example3.moml' type='org.eclipse.swt.custom.CTabItem' window=':Workbench Window'}
:metalmix.mca.Plot_CTabItem	{caption='Plot' container=':metalmix.mca_CTabItem' type='org.eclipse.swt.custom.CTabItem'}
:metalmix.mca_CTabItem	{caption='metalmix.mca' type='org.eclipse.swt.custom.CTabItem' window=':Workbench Window'}
:motor_example.moml.Edit_CTabItem	{caption='Edit' container=':motor_example.moml_CTabItem' type='org.eclipse.swt.custom.CTabItem'}
:motor_example.moml_CTabCloseBox	{container=':motor_example.moml_CTabItem' type='com.froglogic.squish.swt.CTabCloseBox'}
:motor_example.moml_CTabItem	{caption='motor_example.moml' type='org.eclipse.swt.custom.CTabItem' window=':Workbench Window'}
:myvar_TreeItem	{caption='myvar' container=':Variables_Tree' type='org.eclipse.swt.widgets.TreeItem'}
:new_data_file1.h5.Tree_CTabItem	{caption='Tree' container=':new_data_file1.h5_CTabItem' type='org.eclipse.swt.custom.CTabItem'}
:new_data_file1.h5_CTabItem	{caption='new_data_file1.h5' type='org.eclipse.swt.custom.CTabItem' window=':Workbench Window'}
:python_numjy_example1.moml.Edit_CTabItem	{caption='Edit' container=':python_numjy_example1.moml_CTabItem' type='org.eclipse.swt.custom.CTabItem'}
:python_numjy_example1.moml_CTabCloseBox	{container=':python_numjy_example1.moml_CTabItem' type='com.froglogic.squish.swt.CTabCloseBox'}
:python_numjy_example1.moml_CTabItem	{caption='python_numjy_example1.moml' type='org.eclipse.swt.custom.CTabItem' window=':Workbench Window'}
:python_numpy_example1.moml.Edit_CTabItem	{caption='Edit' container=':python_numpy_example1.moml_CTabItem' type='org.eclipse.swt.custom.CTabItem'}
:python_pydev_numpy_example1.moml.Edit_CTabItem	{caption='Edit' container=':python_pydev_numpy_example1.moml_CTabItem' type='org.eclipse.swt.custom.CTabItem'}
:python_numpy_example1.moml_CTabCloseBox	{container=':python_numpy_example1.moml_CTabItem' type='com.froglogic.squish.swt.CTabCloseBox'}
:python_numpy_example1.moml_CTabItem	{caption='python_numpy_example1.moml' type='org.eclipse.swt.custom.CTabItem' window=':Workbench Window'}
:python_pydev_numpy_example1.moml_CTabItem	{caption='python_pydev_numpy_example1.moml' type='org.eclipse.swt.custom.CTabItem' window=':Workbench Window'}
:ref-testscale_1_001.img.Image_CTabItem	{caption='Image' container=':ref-testscale_1_001.img_CTabItem' type='org.eclipse.swt.custom.CTabItem'}
:ref-testscale_1_001.img_CTabItem	{caption='ref-testscale_1_001.img' type='org.eclipse.swt.custom.CTabItem' window=':Workbench Window'}
:ref-testscale_1_0011.h5_CTabItem	{caption='ref-testscale_1_0011.h5' type='org.eclipse.swt.custom.CTabItem' window=':Workbench Window'}
:ref-testscale_1_002.img.Image_CTabItem	{caption='Image' container=':ref-testscale_1_002.img_CTabItem' type='org.eclipse.swt.custom.CTabItem'}
:ref-testscale_1_002.img_CTabItem	{caption='ref-testscale_1_002.img' type='org.eclipse.swt.custom.CTabItem' window=':Workbench Window'}
:spec_scan_example.moml.Edit_CTabItem	{caption='Edit' container=':spec_scan_example.moml_CTabItem' type='org.eclipse.swt.custom.CTabItem'}
:spec_scan_example.moml_CTabCloseBox	{container=':spec_scan_example.moml_CTabItem' type='com.froglogic.squish.swt.CTabCloseBox'}
:spec_scan_example.moml_CTabItem	{caption='spec_scan_example.moml' type='org.eclipse.swt.custom.CTabItem' window=':Workbench Window'}
:thermolysin.mccd_CTabItem	{caption='thermolysin.mccd' type='org.eclipse.swt.custom.CTabItem' window=':Workbench Window'}
:user_interface_example.moml.Edit_CTabItem	{caption='Edit' container=':user_interface_example.moml_CTabItem' type='org.eclipse.swt.custom.CTabItem'}
:user_interface_example.moml_CTabCloseBox	{container=':user_interface_example.moml_CTabItem' type='com.froglogic.squish.swt.CTabCloseBox'}
:user_interface_example.moml_CTabItem	{caption='user_interface_example.moml' type='org.eclipse.swt.custom.CTabItem' window=':Workbench Window'}
