:*Untitled 1_CTabItem	{caption='*Untitled 1' type='org.eclipse.swt.custom.CTabItem' window=':Workbench Window'}
:*Untitled 1_StyledText	{container=':*Untitled 1_CTabItem' isvisible='true' type='org.eclipse.swt.custom.StyledText'}
:2495.h5.Plot_CTabItem	{caption='Plot' container=':2495.h5_CTabItem' type='org.eclipse.swt.custom.CTabItem'}
:2495.h5.Tree_CTabItem	{caption='Tree' container=':2495.h5_CTabItem' type='org.eclipse.swt.custom.CTabItem'}
:2495.h5_CTabItem	{caption='2495.h5' type='org.eclipse.swt.custom.CTabItem' window=':Workbench Window'}
:Axes.Select Axis_Group	{caption='Select Axis' container=':Configure Graph Settings.Axes_TabItem' isvisible='true' type='org.eclipse.swt.widgets.Group'}
:Cancel_Button	{caption='Cancel' isvisible='true' type='org.eclipse.swt.widgets.Button' window=':_Shell'}
:Cheat Sheets_CTabCloseBox	{container=':Cheat Sheets_CTabItem' type='com.froglogic.squish.swt.CTabCloseBox'}
:Cheat Sheets_CTabItem	{caption='Cheat Sheets' type='org.eclipse.swt.custom.CTabItem' window=':Workbench Window'}
:Clear Console_ToolItem	{caption='Clear Console' container=':_ToolBar' type='org.eclipse.swt.widgets.ToolItem'}
:Close wizard automatically on successful installation._Button	{caption='Close wizard automatically on successful installation.' isvisible='true' type='org.eclipse.swt.widgets.Button' window=':WizardDialog_Shell'}
:Collapse All_ToolItem	{caption='Collapse All' container=':_ToolBar_6' type='org.eclipse.swt.widgets.ToolItem'}
:Configure Graph Settings.Axes_TabItem	{caption='Axes' type='org.eclipse.swt.widgets.TabItem' window=':Configure Graph Settings_Shell'}
:Configure Graph Settings.Graph_TabItem	{caption='Graph' type='org.eclipse.swt.widgets.TabItem' window=':Configure Graph Settings_Shell'}
:Configure Graph Settings.OK_Button	{caption='OK' isvisible='true' type='org.eclipse.swt.widgets.Button' window=':Configure Graph Settings_Shell'}
:Configure Graph Settings.Regions_TabItem	{caption='Regions' type='org.eclipse.swt.widgets.TabItem' window=':Configure Graph Settings_Shell'}
:Configure Graph Settings.Traces_TabItem	{caption='Traces' type='org.eclipse.swt.widgets.TabItem' window=':Configure Graph Settings_Shell'}
:Configure Graph Settings_Composite	{isvisible='true' occurrence='3' type='org.eclipse.swt.widgets.Composite' window=':Configure Graph Settings_Shell'}
:Configure Graph Settings_Shell	{caption='Configure Graph Settings' isvisible='true' type='org.eclipse.swt.widgets.Shell'}
:Configure Settings..._ToolItem	{caption='Configure Settings...' container=':Image_ToolBar' type='org.eclipse.swt.widgets.ToolItem'}
:Configure Settings..._ToolItem_2	{caption='Configure Settings...' container=':_ToolBar_4' type='org.eclipse.swt.widgets.ToolItem'}
:Confirm Delete.OK_Button	{caption='OK' isvisible='true' type='org.eclipse.swt.widgets.Button' window=':Confirm Delete_Shell'}
:Confirm Delete_Shell	{caption='Confirm Delete' isvisible='true' type='org.eclipse.swt.widgets.Shell'}
:Confirm Exit.OK_Button	{caption='OK' isvisible='true' type='org.eclipse.swt.widgets.Button' window=':Confirm Exit_Shell'}
:Confirm Exit_Shell	{caption='Confirm Exit' isvisible='true' type='org.eclipse.swt.widgets.Shell'}
:Console_CTabItem	{caption='Console' type='org.eclipse.swt.custom.CTabItem' window=':Workbench Window'}
:Create new region_ToolItem	{caption='Create new region' container=':_ToolBar_6' type='org.eclipse.swt.widgets.ToolItem'}
:DExplore_ToolItem	{caption='DExplore' container=':_ToolBar_7' type='org.eclipse.swt.widgets.ToolItem'}
:Data_CTabItem	{caption='Data' occurrence='2' type='org.eclipse.swt.custom.CTabItem' window=':Workbench Window'}
:Data_CTabItem_2	{caption='Data' type='org.eclipse.swt.custom.CTabItem' window=':Workbench Window'}
:Data_Table	{container=':Data_CTabItem' isvisible='true' type='org.eclipse.swt.widgets.Table'}
:Data_Table_2	{container=':Data_CTabItem_2' isvisible='true' type='org.eclipse.swt.widgets.Table'}
:Data_Tree	{container=':Data_CTabItem' isvisible='true' type='org.eclipse.swt.widgets.Tree'}
:Debug_TableCell	{caption='Debug' column='0' container=':Open Perspective_Table' type='com.froglogic.squish.swt.TableCell'}
:Delete Log_ToolItem	{caption='Delete Log' container=':_ToolBar_2' type='org.eclipse.swt.widgets.ToolItem'}
:Environment.New..._Button	{caption='New...' container=':Preferences.Environment_TabItem' isvisible='true' type='org.eclipse.swt.widgets.Button'}
:Error Log_CTabItem	{caption='Error Log' type='org.eclipse.swt.custom.CTabItem' window=':Workbench Window'}
:Error Log_Text	{container=':Error Log_CTabItem' isvisible='true' type='org.eclipse.swt.widgets.Text'}
:Error Log_Tree	{container=':Error Log_CTabItem' isvisible='true' type='org.eclipse.swt.widgets.Tree'}
:Expand All_ToolItem	{caption='Expand All' container=':_ToolBar_6' type='org.eclipse.swt.widgets.ToolItem'}
:Finish_Button	{caption='Finish' isvisible='true' type='org.eclipse.swt.widgets.Button' window=':WizardDialog_Shell'}
:I accept the terms of the license agreement_Button	{caption='I accept the terms of the license agreement' isvisible='true' type='org.eclipse.swt.widgets.Button' window=':WizardDialog_Shell'}
:Image Gallery_CTabCloseBox	{container=':Image Gallery_CTabItem' type='com.froglogic.squish.swt.CTabCloseBox'}
:Image Gallery_CTabItem	{caption='Image Gallery' type='org.eclipse.swt.custom.CTabItem' window=':Workbench Window'}
:Image Gallery_Gallery	{container=':Image Gallery_CTabItem' isvisible='true' type='org.eclipse.nebula.widgets.gallery.Gallery'}
:Image tools used to profile and inspect images._ToolItem	{caption='Image tools used to profile and inspect images.' container=':Image_ToolBar' type='org.eclipse.swt.widgets.ToolItem'}
:Image tools used to profile and inspect images._ToolItem_2	{caption='Image tools used to profile and inspect images.' container=':Plot_ToolBar' type='org.eclipse.swt.widgets.ToolItem'}
:Image tools used to profile and inspect images._ToolItem_3	{caption='Image tools used to profile and inspect images.' container=':_ToolBar_8' type='org.eclipse.swt.widgets.ToolItem'}
:Image_Composite	{container=':ref-testscale_1_001.img.Image_CTabItem' isvisible='true' occurrence='4' type='org.eclipse.swt.widgets.Composite'}
:Image_ToolBar	{container=':ref-testscale_1_001.img.Image_CTabItem' firstItemText='Configure Settings...' isvisible='true' type='org.eclipse.swt.widgets.ToolBar'}
:Install to:_Label	{caption='Install to:' isvisible='true' type='org.eclipse.swt.widgets.Label' window=':WizardDialog_Shell'}
:Install to:_Text	{isvisible='true' leftWidget=':Install to:_Label' type='org.eclipse.swt.widgets.Text' window=':WizardDialog_Shell'}
:Internal Error.OK_Button	{caption='OK' isvisible='true' type='org.eclipse.swt.widgets.Button' window=':Internal Error_Shell'}
:Internal Error_Shell	{caption='Internal Error' isvisible='true' type='org.eclipse.swt.widgets.Shell'}
:Jython console_Button	{caption='Jython console' isvisible='true' type='org.eclipse.swt.widgets.Button' window=':_Shell'}
:ListDialog_Shell	{data?='org.eclipse.ui.dialogs.ListDialog*' isvisible='true' type='org.eclipse.swt.widgets.Shell'}
:Measurement_CTabItem	{caption='Measurement' type='org.eclipse.swt.custom.CTabItem' window=':Workbench Window'}
:New Environment Variable.Name:_Label	{caption='Name:' isvisible='true' type='org.eclipse.swt.widgets.Label' window=':New Environment Variable_Shell'}
:New Environment Variable.Name:_Text	{isvisible='true' leftWidget=':New Environment Variable.Name:_Label' type='org.eclipse.swt.widgets.Text' window=':New Environment Variable_Shell'}
:New Environment Variable.OK_Button	{caption='OK' isvisible='true' type='org.eclipse.swt.widgets.Button' window=':New Environment Variable_Shell'}
:New Environment Variable.Variables..._Button	{caption='Variables...' isvisible='true' type='org.eclipse.swt.widgets.Button' window=':New Environment Variable_Shell'}
:New Environment Variable_Shell	{caption='New Environment Variable' isvisible='true' type='org.eclipse.swt.widgets.Shell'}
:New Environment Variable_Text	{isvisible='true' occurrence='1' type='org.eclipse.swt.widgets.Text' window=':New Environment Variable_Shell'}
:Next >_Button	{caption='Next >' isvisible='true' type='org.eclipse.swt.widgets.Button' window=':WizardDialog_Shell'}
:OK_Button	{caption='OK' isvisible='true' type='org.eclipse.swt.widgets.Button' window=':_Shell'}
:Open Console_ToolItem	{caption='Open Console' container=':_ToolBar' type='org.eclipse.swt.widgets.ToolItem'}
:Open Perspective.OK_Button	{caption='OK' isvisible='true' type='org.eclipse.swt.widgets.Button' window=':Open Perspective_Shell'}
:Open Perspective_Menu	{caption='Open Perspective' container=':_Menu' menuStyle='SWT.DROP_DOWN' type='org.eclipse.swt.widgets.Menu'}
:Open Perspective_Shell	{caption='Open Perspective' isvisible='true' type='org.eclipse.swt.widgets.Shell'}
:Open Perspective_Table	{isvisible='true' type='org.eclipse.swt.widgets.Table' window=':Open Perspective_Shell'}
:Perspective_Menu	{caption='Perspective' container=':_Menu' menuStyle='SWT.DROP_DOWN' type='org.eclipse.swt.widgets.Menu'}
:Pin Console_ToolItem	{caption='Pin Console' container=':_ToolBar' type='org.eclipse.swt.widgets.ToolItem'}
:Plot_ToolBar	{container=':2495.h5.Plot_CTabItem' firstItemText='Configure Settings...' isvisible='true' type='org.eclipse.swt.widgets.ToolBar'}
:Plotting Systems.Refresh_RefreshButton	{caption='Refresh' container=':Plotting Systems_CTabItem' isvisible='true' type='org.eclipse.dawnsci.plotting.api.views.RefreshButton'}
:Plotting Systems_CTabCloseBox	{container=':Plotting Systems_CTabItem' type='com.froglogic.squish.swt.CTabCloseBox'}
:Plotting Systems_CTabItem	{caption='Plotting Systems' type='org.eclipse.swt.custom.CTabItem' window=':Workbench Window'}
:Plotting Systems_Table	{container=':Plotting Systems_CTabItem' isvisible='true' type='org.eclipse.swt.widgets.Table'}
:Pop Up Menu	{menuStyle='SWT.POP_UP' type='org.eclipse.swt.widgets.Menu' window=':Workbench Window'}
:Preferences.Auto Config_Button	{caption='Advanced Auto-Config' isvisible='true' type='org.eclipse.swt.widgets.Button' window=':Preferences_Shell'}
:Preferences.Cancel_Button	{caption='Cancel' isvisible='true' type='org.eclipse.swt.widgets.Button' window=':Preferences_Shell'}
:Preferences.Connect console to a Debug Session?_Button	{caption='' isvisible='true' leftWidget=':Preferences.Connect console to a Debug Session?_Label' type='org.eclipse.swt.widgets.Button' window=':Preferences_Shell'}
:Preferences.Connect console to a Debug Session?_Label	{caption='Connect console to a Debug Session?' isvisible='true' type='org.eclipse.swt.widgets.Label' window=':Preferences_Shell'}
:Preferences.Environment_TabItem	{caption='Environment' type='org.eclipse.swt.widgets.TabItem' window=':Preferences_Shell'}
:Preferences.New..._Button	{caption='New...' isvisible='true' type='org.eclipse.swt.widgets.Button' window=':Preferences_Shell'}
:Preferences.OK_Button	{caption='OK' isvisible='true' type='org.eclipse.swt.widgets.Button' window=':Preferences_Shell'}
:Preferences.Python interpreters (e.g.: python.exe)_Label	{caption='Python interpreters (e.g.: python.exe)' isvisible='true' type='org.eclipse.swt.widgets.Label' window=':Preferences_Shell'}
:Preferences.Python interpreters (e.g.: python.exe)_Tree	{aboveWidget=':Preferences.Python interpreters (e.g.: python.exe)_Label' isvisible='true' type='org.eclipse.swt.widgets.Tree' window=':Preferences_Shell'}
:Preferences_Composite	{isvisible='true' occurrence='17' type='org.eclipse.swt.widgets.Composite' window=':Preferences_Shell'}
:Preferences_Shell	{caption='Preferences' isvisible='true' type='org.eclipse.swt.widgets.Shell'}
:Preferences_Tree	{isvisible='true' type='org.eclipse.swt.widgets.Tree' window=':Preferences_Shell'}
:Profile_Menu	{menuStyle='SWT.DROP_DOWN' type='org.eclipse.swt.widgets.Menu' window=':Workbench Window'}
:Project Explorer_CTabItem	{caption='Project Explorer' occurrence='1' type='org.eclipse.swt.custom.CTabItem' window=':Workbench Window'}
:Project Explorer_Tree	{container=':Resource - .Project Explorer_CTabItem' isvisible='true' type='org.eclipse.swt.widgets.Tree'}
:Project Explorer_Tree_2	{container=':Project Explorer_CTabItem' isvisible='true' type='org.eclipse.swt.widgets.Tree'}
:PyDev Console	{container=':Console_CTabItem' isvisible='true' type='org.python.pydev.shared_interactive_console.console.ui.internal.ScriptConsoleViewer$ScriptConsoleStyledText'}
:Python console_Button	{caption='Python console' isvisible='true' type='org.eclipse.swt.widgets.Button' window=':_Shell'}
:Python_TableCell	{caption='Python' column='0' container=':Open Perspective_Table' type='com.froglogic.squish.swt.TableCell'}
:Region 1 *_TreeItem	{caption='Region 1 *' container=':Region Tree Editor_Tree' type='org.eclipse.swt.widgets.TreeItem'}
:Region 1 *_TreeItem_2	{caption='Region 1 *' container=':Region Editor_Tree' type='org.eclipse.swt.widgets.TreeItem'}
:Region 1 *_TreeItem_3	{caption='Region 1 *' container=':Region Editor_Tree_2' type='org.eclipse.swt.widgets.TreeItem'}
:Region 1 *_TreeSubItem	{caption='' column='1' container=':Region 1 *_TreeItem' type='com.froglogic.squish.swt.TreeSubItem'}
:Region 1 *_TreeSubItem_2	{caption='' column='1' container=':Region 1 *_TreeItem_2' type='com.froglogic.squish.swt.TreeSubItem'}
:Region 2 *_TreeItem	{caption='Region 2 *' container=':Region Tree Editor_Tree' type='org.eclipse.swt.widgets.TreeItem'}
:Region 2 *_TreeItem_2	{caption='Region 2 *' container=':Region Editor_Tree' type='org.eclipse.swt.widgets.TreeItem'}
:Region 2 *_TreeSubItem	{caption='' column='1' container=':Region 2 *_TreeItem' type='com.froglogic.squish.swt.TreeSubItem'}
:Region 2 *_TreeSubItem_2	{caption='' column='1' container=':Region 2 *_TreeItem_2' type='com.froglogic.squish.swt.TreeSubItem'}
:Region Editor_CTabItem	{caption='Region Editor' type='org.eclipse.swt.custom.CTabItem' window=':Workbench Window'}
:Region Editor_CTabItem_2	{caption='Region Editor' parent.visible='true' type='org.eclipse.swt.custom.CTabItem' window=':Workbench Window'}
:Region Editor_Spinner	{container=':Region Editor_CTabItem' isvisible='true' type='org.eclipse.swt.widgets.Spinner'}
:Region Editor_Tree	{container=':Region Editor_CTabItem' isvisible='true' type='org.eclipse.swt.widgets.Tree'}
:Region Editor_Tree_2	{container=':Region Editor_CTabItem_2' isvisible='true' type='org.eclipse.swt.widgets.Tree'}
:Region Tree Editor_CTabItem	{caption='Region Tree Editor' type='org.eclipse.swt.custom.CTabItem' window=':Workbench Window'}
:Region Tree Editor_Spinner	{container=':Region Tree Editor_CTabItem' isvisible='true' type='org.eclipse.swt.widgets.Spinner'}
:Region Tree Editor_Text	{container=':Region Tree Editor_CTabItem' isvisible='true' type='org.eclipse.swt.widgets.Text'}
:Region Tree Editor_Tree	{container=':Region Tree Editor_CTabItem' isvisible='true' type='org.eclipse.swt.widgets.Tree'}
:Regions.Region Location_Label	{caption='Region Location' container=':Configure Graph Settings.Regions_TabItem' isvisible='true' type='org.eclipse.swt.widgets.Label'}
:Regions.Region Location_Table	{aboveWidget=':Regions.Region Location_Label' container=':Configure Graph Settings.Regions_TabItem' isvisible='true' type='org.eclipse.swt.widgets.Table'}
:Resource - .Project Explorer_CTabItem	{caption='Project Explorer' type='org.eclipse.swt.custom.CTabItem' window=':Workbench Window'}
:SWT	SWT
:Select Axis_Combo	{container=':Axes.Select Axis_Group' isvisible='true' type='org.eclipse.swt.widgets.Combo'}
:Select Interpreter Available_Caption	{caption?='Multiple possible interpreters are available*' isvisible='true' type='org.eclipse.swt.widgets.Label' window=':ListDialog_Shell'}
:Select Interpreter Available_OK_Button	{caption='OK' isvisible='true' type='org.eclipse.swt.widgets.Button' window=':ListDialog_Shell'}
:Select Interpreter Available_Table	{aboveWidget=':Select Interpreter Available_Caption' isvisible='true' type='org.eclipse.swt.widgets.Table' window=':ListDialog_Shell'}
:Select Trace_Combo	{container=':Traces.Select Trace_Group' isvisible='true' type='org.eclipse.swt.widgets.Combo'}
:Select Variable_Shell	{caption='Select Variable' isvisible='true' type='org.eclipse.swt.widgets.Shell'}
:Select interpreter Error Message_Text	{isvisible='true' occurrence='2' type='org.eclipse.swt.widgets.Text' window=':Select interpreter_Shell'}
:Select interpreter.Browse..._Button	{caption='Browse...' isvisible='true' type='org.eclipse.swt.widgets.Button' window=':Select interpreter_Shell'}
:Select interpreter.Cancel_Button	{caption='Cancel' isvisible='true' type='org.eclipse.swt.widgets.Button' window=':Select interpreter_Shell'}
:Select interpreter.Interpreter Executable: _Label	{caption='Interpreter Executable: ' isvisible='true' type='org.eclipse.swt.widgets.Label' window=':Select interpreter_Shell'}
:Select interpreter.Interpreter Executable: _Text	{isvisible='true' leftWidget=':Select interpreter.Interpreter Executable: _Label' type='org.eclipse.swt.widgets.Text' window=':Select interpreter_Shell'}
:Select interpreter.Interpreter Name: _Label	{caption='Interpreter Name: ' isvisible='true' type='org.eclipse.swt.widgets.Label' window=':Select interpreter_Shell'}
:Select interpreter.Interpreter Name: _Text	{isvisible='true' leftWidget=':Select interpreter.Interpreter Name: _Label' type='org.eclipse.swt.widgets.Text' window=':Select interpreter_Shell'}
:Select interpreter.OK_Button	{caption='OK' isvisible='true' type='org.eclipse.swt.widgets.Button' window=':Select interpreter_Shell'}
:Select interpreter_Shell	{caption='Select interpreter' isvisible='true' type='org.eclipse.swt.widgets.Shell'}
:Selection needed.OK_Button	{caption='OK' isvisible='true' type='org.eclipse.swt.widgets.Button' window=':Selection needed_Shell'}
:Selection needed_Shell	{caption='Selection needed' isvisible='true' type='org.eclipse.swt.widgets.Shell'}
:Show Plot View_Menu	{caption='Show Plot View' container=':_Menu' menuStyle='SWT.DROP_DOWN' type='org.eclipse.swt.widgets.Menu'}
:Show View.OK_Button	{caption='OK' isvisible='true' type='org.eclipse.swt.widgets.Button' window=':Show View_Shell'}
:Show View_Menu	{caption='Show View' container=':_Menu' menuStyle='SWT.DROP_DOWN' type='org.eclipse.swt.widgets.Menu'}
:Show View_Shell	{caption='Show View' isvisible='true' type='org.eclipse.swt.widgets.Shell'}
:Show View_Text	{isvisible='true' type='org.eclipse.swt.widgets.Text' window=':Show View_Shell'}
:Show View_Tree	{isvisible='true' type='org.eclipse.swt.widgets.Tree' window=':Show View_Shell'}
:Traces.Select Trace_Group	{caption='Select Trace' container=':Configure Graph Settings.Traces_TabItem' isvisible='true' type='org.eclipse.swt.widgets.Group'}
:Variables_CTabItem	{caption='Variables' type='org.eclipse.swt.custom.CTabItem' window=':Workbench Window'}
:Variables_Tree	{container=':Variables_CTabItem' isvisible='true' type='org.eclipse.swt.widgets.Tree'}
:View Menu_ToolItem	{caption='View Menu' container=':_ToolBar_3' type='org.eclipse.swt.widgets.ToolItem'}
:View Menu_ToolItem_2	{caption='View Menu' container=':_ToolBar_5' type='org.eclipse.swt.widgets.ToolItem'}
:Virtual_TreeItem	{caption='Virtual' container=':Project Explorer_Tree' type='org.eclipse.swt.widgets.TreeItem'}
:Welcome_CTabCloseBox	{container=':Welcome_CTabItem' type='com.froglogic.squish.swt.CTabCloseBox'}
:Welcome_CTabItem	{caption='Welcome' type='org.eclipse.swt.custom.CTabItem' window=':Workbench Window'}
:Window_Menu	{caption='Window' container=':_Menu' menuStyle='SWT.DROP_DOWN' type='org.eclipse.swt.widgets.Menu'}
:WizardDialog_Shell	{data?='org.eclipse.jface.wizard.WizardDialog@*' isvisible='true' type='org.eclipse.swt.widgets.Shell'}
:Workbench Window	{data?='org.eclipse.ui.internal.WorkbenchWindow*' isvisible='true' type='org.eclipse.swt.widgets.Shell'}
:X Start.182 *_TreeSubItem	{caption='182 *' column='1' container=':X Start_TreeItem_3' type='com.froglogic.squish.swt.TreeSubItem'}
:X Start.233 *_TreeSubItem	{caption='233 *' column='1' container=':X Start_TreeItem_3' type='com.froglogic.squish.swt.TreeSubItem'}
:X Start_TreeItem	{caption='X Start' parentitem=':Region 1 *_TreeItem' type='org.eclipse.swt.widgets.TreeItem'}
:X Start_TreeItem_2	{caption='X Start' parentitem=':Region 1 *_TreeItem_2' type='org.eclipse.swt.widgets.TreeItem'}
:X Start_TreeItem_3	{caption='X Start' parentitem=':Region 1 *_TreeItem_3' type='org.eclipse.swt.widgets.TreeItem'}
:_CLabel	{isvisible='true' type='org.eclipse.swt.custom.CLabel' window=':_Shell'}
:_CTabFolder	{firstTabCaption='Console' isvisible='true' type='org.eclipse.swt.custom.CTabFolder' window=':Workbench Window'}
:_CTabFolder_2	{firstTabCaption='Data' isvisible='true' type='org.eclipse.swt.custom.CTabFolder' window=':Workbench Window'}
:_CTabFolder_3	{firstTabCaption='Project Explorer' isvisible='true' type='org.eclipse.swt.custom.CTabFolder' window=':Workbench Window'}
:_CTabFolder_4	{firstTabCaption='Data' isvisible='true' type='org.eclipse.swt.custom.CTabFolder' window=':Workbench Window'}
:_CTabFolder_5	{firstTabCaption='Dataset Plot' isvisible='true' type='org.eclipse.swt.custom.CTabFolder' window=':Workbench Window'}
:_Menu	{menuStyle='SWT.BAR' type='org.eclipse.swt.widgets.Menu' window=':Workbench Window'}
:_Sash	{isvisible='true' occurrence='1' type='org.eclipse.swt.widgets.Sash' window=':Workbench Window'}
:_Sash_2	{isvisible='true' occurrence='2' type='org.eclipse.swt.widgets.Sash' window=':Workbench Window'}
:_Shell	{caption='' isvisible='true' type='org.eclipse.swt.widgets.Shell'}
:_ToolBar	{container=':_CTabFolder' firstItemText~='(Pin Console|Terminate current console|Clear Console)' isvisible='true' type='org.eclipse.swt.widgets.ToolBar'}
:_ToolBar_2	{container=':_CTabFolder_2' firstItemText='Export Log' isvisible='true' type='org.eclipse.swt.widgets.ToolBar'}
:_ToolBar_3	{container=':_CTabFolder_3' firstItemText='View Menu' isvisible='true' type='org.eclipse.swt.widgets.ToolBar'}
:_ToolBar_4	{container=':_CTabFolder_4' firstItemText='Create new profile' isvisible='true' type='org.eclipse.swt.widgets.ToolBar'}
:_ToolBar_5	{container=':_CTabFolder_4' firstItemText='View Menu' isvisible='true' type='org.eclipse.swt.widgets.ToolBar'}
:_ToolBar_6	{container=':_CTabFolder_4' firstItemText='Create new region' isvisible='true' type='org.eclipse.swt.widgets.ToolBar'}
:_ToolBar_7	{firstItemText='PEEMA' isvisible='true' type='org.eclipse.swt.widgets.ToolBar' window=':Workbench Window'}
:_ToolBar_8	{container=':_CTabFolder_5' firstItemText='Configure Settings...' isvisible='true' type='org.eclipse.swt.widgets.ToolBar'}
:_ToolItem	{container=':Plot_ToolBar' occurrence='3' type='org.eclipse.swt.widgets.ToolItem'}
:myvar_TreeItem	{caption='myvar' container=':Variables_Tree' type='org.eclipse.swt.widgets.TreeItem'}
:ref-testscale_1_001.img.Image_CTabItem	{caption='Image' container=':ref-testscale_1_001.img_CTabItem' type='org.eclipse.swt.custom.CTabItem'}
:ref-testscale_1_001.img_CTabItem	{caption='ref-testscale_1_001.img' type='org.eclipse.swt.custom.CTabItem' window=':Workbench Window'}
wid = findObject({caption='Traces' type='org.eclipse.swt.widgets.TabItem' window={caption='Configure Graph Settings' isvisible='true' type='org.eclipse.swt.widgets.Shell'})	{}
{caption='Traces' type='org.eclipse.swt.widgets.TabItem' window=':Configure Graph Settings_Shell'}	{}
{caption='Traces' type='org.eclipse.swt.widgets.TabItem' window={caption='Configure Graph Settings' isvisible='true' type='org.eclipse.swt.widgets.Shell'}	{}
